Archive member included to satisfy reference by file (symbol)

/tmp/arduino-sketch-72FEAEA6592A340F5B1A9A2CDA45BBBD/core/core.a(startup_stm32yyxx.S.o)
                              (Reset_Handler)
/tmp/arduino-sketch-72FEAEA6592A340F5B1A9A2CDA45BBBD/core/core.a(wiring_digital.c.o)
                              /tmp/arduino-sketch-72FEAEA6592A340F5B1A9A2CDA45BBBD/sketch/MyStmSketch.ino.cpp.o (pinMode)
/tmp/arduino-sketch-72FEAEA6592A340F5B1A9A2CDA45BBBD/core/core.a(wiring_time.c.o)
                              /tmp/arduino-sketch-72FEAEA6592A340F5B1A9A2CDA45BBBD/sketch/MyStmSketch.ino.cpp.o (delay)
/tmp/arduino-sketch-72FEAEA6592A340F5B1A9A2CDA45BBBD/core/core.a(HardwareTimer.cpp.o)
                              /tmp/arduino-sketch-72FEAEA6592A340F5B1A9A2CDA45BBBD/libraries/SrcWrapper/stm32/analog.cpp.o (HardwareTimer::resume())
/tmp/arduino-sketch-72FEAEA6592A340F5B1A9A2CDA45BBBD/core/core.a(main.cpp.o)
                              /home/shamimi/.arduino15/packages/STM32/tools/xpack-arm-none-eabi-gcc/9.2.1-1.1/bin/../lib/gcc/arm-none-eabi/9.2.1/../../../../arm-none-eabi/lib/thumb/v7-m/nofp/crt0.o (main)
/tmp/arduino-sketch-72FEAEA6592A340F5B1A9A2CDA45BBBD/core/core.a(new.cpp.o)
                              /tmp/arduino-sketch-72FEAEA6592A340F5B1A9A2CDA45BBBD/libraries/SrcWrapper/stm32/analog.cpp.o (operator new(unsigned int))
/tmp/arduino-sketch-72FEAEA6592A340F5B1A9A2CDA45BBBD/core/core.a(board.c.o)
                              /tmp/arduino-sketch-72FEAEA6592A340F5B1A9A2CDA45BBBD/core/core.a(main.cpp.o) (init)
/tmp/arduino-sketch-72FEAEA6592A340F5B1A9A2CDA45BBBD/core/core.a(hooks.c.o)
                              /tmp/arduino-sketch-72FEAEA6592A340F5B1A9A2CDA45BBBD/core/core.a(wiring_time.c.o) (yield)
/tmp/arduino-sketch-72FEAEA6592A340F5B1A9A2CDA45BBBD/core/core.a(pins_arduino.c.o)
                              /tmp/arduino-sketch-72FEAEA6592A340F5B1A9A2CDA45BBBD/core/core.a(HardwareTimer.cpp.o) (pinNametoDigitalPin)
/tmp/arduino-sketch-72FEAEA6592A340F5B1A9A2CDA45BBBD/core/core.a(wiring_analog.c.o)
                              /tmp/arduino-sketch-72FEAEA6592A340F5B1A9A2CDA45BBBD/core/core.a(wiring_digital.c.o) (g_anOutputPinConfigured)
/tmp/arduino-sketch-72FEAEA6592A340F5B1A9A2CDA45BBBD/core/core.a(WSerial.cpp.o)
                              /tmp/arduino-sketch-72FEAEA6592A340F5B1A9A2CDA45BBBD/core/core.a(main.cpp.o) (serialEventRun())
/tmp/arduino-sketch-72FEAEA6592A340F5B1A9A2CDA45BBBD/core/core.a(HardwareSerial.cpp.o)
                              /tmp/arduino-sketch-72FEAEA6592A340F5B1A9A2CDA45BBBD/core/core.a(WSerial.cpp.o) (HardwareSerial::available())
/tmp/arduino-sketch-72FEAEA6592A340F5B1A9A2CDA45BBBD/core/core.a(Print.cpp.o)
                              /tmp/arduino-sketch-72FEAEA6592A340F5B1A9A2CDA45BBBD/core/core.a(HardwareSerial.cpp.o) (Print::write(unsigned char const*, unsigned int))
/tmp/arduino-sketch-72FEAEA6592A340F5B1A9A2CDA45BBBD/core/core.a(Stream.cpp.o)
                              /tmp/arduino-sketch-72FEAEA6592A340F5B1A9A2CDA45BBBD/core/core.a(HardwareSerial.cpp.o) (Stream::readBytes(char*, unsigned int))
/tmp/arduino-sketch-72FEAEA6592A340F5B1A9A2CDA45BBBD/core/core.a(WString.cpp.o)
                              /tmp/arduino-sketch-72FEAEA6592A340F5B1A9A2CDA45BBBD/core/core.a(Stream.cpp.o) (String::String(char const*))
/tmp/arduino-sketch-72FEAEA6592A340F5B1A9A2CDA45BBBD/core/core.a(abi.cpp.o)
                              /tmp/arduino-sketch-72FEAEA6592A340F5B1A9A2CDA45BBBD/core/core.a(Print.cpp.o) (__cxa_pure_virtual)
/tmp/arduino-sketch-72FEAEA6592A340F5B1A9A2CDA45BBBD/core/core.a(dtostrf.c.o)
                              /tmp/arduino-sketch-72FEAEA6592A340F5B1A9A2CDA45BBBD/core/core.a(WString.cpp.o) (dtostrf)
/tmp/arduino-sketch-72FEAEA6592A340F5B1A9A2CDA45BBBD/core/core.a(itoa.c.o)
                              /tmp/arduino-sketch-72FEAEA6592A340F5B1A9A2CDA45BBBD/core/core.a(WString.cpp.o) (ltoa)
/home/shamimi/.arduino15/packages/STM32/tools/xpack-arm-none-eabi-gcc/9.2.1-1.1/bin/../lib/gcc/arm-none-eabi/9.2.1/../../../../arm-none-eabi/lib/thumb/v7-m/nofp/libc_nano.a(lib_a-atof.o)
                              /tmp/arduino-sketch-72FEAEA6592A340F5B1A9A2CDA45BBBD/core/core.a(WString.cpp.o) (atof)
/home/shamimi/.arduino15/packages/STM32/tools/xpack-arm-none-eabi-gcc/9.2.1-1.1/bin/../lib/gcc/arm-none-eabi/9.2.1/../../../../arm-none-eabi/lib/thumb/v7-m/nofp/libc_nano.a(lib_a-atol.o)
                              /tmp/arduino-sketch-72FEAEA6592A340F5B1A9A2CDA45BBBD/core/core.a(WString.cpp.o) (atol)
/home/shamimi/.arduino15/packages/STM32/tools/xpack-arm-none-eabi-gcc/9.2.1-1.1/bin/../lib/gcc/arm-none-eabi/9.2.1/../../../../arm-none-eabi/lib/thumb/v7-m/nofp/libc_nano.a(lib_a-exit.o)
                              /home/shamimi/.arduino15/packages/STM32/tools/xpack-arm-none-eabi-gcc/9.2.1-1.1/bin/../lib/gcc/arm-none-eabi/9.2.1/../../../../arm-none-eabi/lib/thumb/v7-m/nofp/crt0.o (exit)
[...]
Memory Configuration

Name             Origin             Length             Attributes
*default*        0x0000000000000000 0xffffffffffffffff
RAM              0x0000000020000000 0x0000000000005000 xrw
FLASH            0x0000000008000000 0x0000000000020000 xr

Linker script and memory map

LOAD /home/shamimi/.arduino15/packages/STM32/tools/CMSIS/5.5.1/CMSIS/DSP/Lib/GCC//libarm_cortexM3l_math.a
START GROUP
LOAD /tmp/arduino-sketch-72FEAEA6592A340F5B1A9A2CDA45BBBD/sketch/MyStmSketch.ino.cpp.o
LOAD /tmp/arduino-sketch-72FEAEA6592A340F5B1A9A2CDA45BBBD/sketch/SrcWrapper.cpp.o
LOAD /tmp/arduino-sketch-72FEAEA6592A340F5B1A9A2CDA45BBBD/libraries/SrcWrapper/syscalls.c.o
LOAD /tmp/arduino-sketch-72FEAEA6592A340F5B1A9A2CDA45BBBD/libraries/SrcWrapper/HAL/stm32yyxx_hal.c.o
LOAD /tmp/arduino-sketch-72FEAEA6592A340F5B1A9A2CDA45BBBD/libraries/SrcWrapper/HAL/stm32yyxx_hal_adc.c.o
LOAD /tmp/arduino-sketch-72FEAEA6592A340F5B1A9A2CDA45BBBD/libraries/SrcWrapper/HAL/stm32yyxx_hal_adc_ex.c.o
LOAD /tmp/arduino-sketch-72FEAEA6592A340F5B1A9A2CDA45BBBD/libraries/SrcWrapper/HAL/stm32yyxx_hal_can.c.o
LOAD /tmp/arduino-sketch-72FEAEA6592A340F5B1A9A2CDA45BBBD/libraries/SrcWrapper/HAL/stm32yyxx_hal_cec.c.o
LOAD /tmp/arduino-sketch-72FEAEA6592A340F5B1A9A2CDA45BBBD/libraries/SrcWrapper/HAL/stm32yyxx_hal_comp.c.o
LOAD /tmp/arduino-sketch-72FEAEA6592A340F5B1A9A2CDA45BBBD/libraries/SrcWrapper/HAL/stm32yyxx_hal_comp_ex.c.o
LOAD /tmp/arduino-sketch-72FEAEA6592A340F5B1A9A2CDA45BBBD/libraries/SrcWrapper/HAL/stm32yyxx_hal_cordic.c.o
LOAD /tmp/arduino-sketch-72FEAEA6592A340F5B1A9A2CDA45BBBD/libraries/SrcWrapper/HAL/stm32yyxx_hal_cortex.c.o
LOAD /tmp/arduino-sketch-72FEAEA6592A340F5B1A9A2CDA45BBBD/libraries/SrcWrapper/HAL/stm32yyxx_hal_crc.c.o
LOAD /tmp/arduino-sketch-72FEAEA6592A340F5B1A9A2CDA45BBBD/libraries/SrcWrapper/HAL/stm32yyxx_hal_crc_ex.c.o
LOAD /tmp/arduino-sketch-72FEAEA6592A340F5B1A9A2CDA45BBBD/libraries/SrcWrapper/HAL/stm32yyxx_hal_cryp.c.o
LOAD /tmp/arduino-sketch-72FEAEA6592A340F5B1A9A2CDA45BBBD/libraries/SrcWrapper/HAL/stm32yyxx_hal_cryp_ex.c.o
LOAD /tmp/arduino-sketch-72FEAEA6592A340F5B1A9A2CDA45BBBD/libraries/SrcWrapper/HAL/stm32yyxx_hal_dac.c.o
LOAD /tmp/arduino-sketch-72FEAEA6592A340F5B1A9A2CDA45BBBD/libraries/SrcWrapper/HAL/stm32yyxx_hal_dac_ex.c.o
LOAD /tmp/arduino-sketch-72FEAEA6592A340F5B1A9A2CDA45BBBD/libraries/SrcWrapper/HAL/stm32yyxx_hal_dcmi.c.o
LOAD /tmp/arduino-sketch-72FEAEA6592A340F5B1A9A2CDA45BBBD/libraries/SrcWrapper/HAL/stm32yyxx_hal_dcmi_ex.c.o
LOAD /tmp/arduino-sketch-72FEAEA6592A340F5B1A9A2CDA45BBBD/libraries/SrcWrapper/HAL/stm32yyxx_hal_dfsdm.c.o
LOAD /tmp/arduino-sketch-72FEAEA6592A340F5B1A9A2CDA45BBBD/libraries/SrcWrapper/HAL/stm32yyxx_hal_dfsdm_ex.c.o
LOAD /tmp/arduino-sketch-72FEAEA6592A340F5B1A9A2CDA45BBBD/libraries/SrcWrapper/HAL/stm32yyxx_hal_dma.c.o
LOAD /tmp/arduino-sketch-72FEAEA6592A340F5B1A9A2CDA45BBBD/libraries/SrcWrapper/HAL/stm32yyxx_hal_dma2d.c.o
LOAD /tmp/arduino-sketch-72FEAEA6592A340F5B1A9A2CDA45BBBD/libraries/SrcWrapper/HAL/stm32yyxx_hal_dma_ex.c.o
LOAD /tmp/arduino-sketch-72FEAEA6592A340F5B1A9A2CDA45BBBD/libraries/SrcWrapper/HAL/stm32yyxx_hal_dsi.c.o
LOAD /tmp/arduino-sketch-72FEAEA6592A340F5B1A9A2CDA45BBBD/libraries/SrcWrapper/HAL/stm32yyxx_hal_dts.c.o
LOAD /tmp/arduino-sketch-72FEAEA6592A340F5B1A9A2CDA45BBBD/libraries/SrcWrapper/HAL/stm32yyxx_hal_eth.c.o
LOAD /tmp/arduino-sketch-72FEAEA6592A340F5B1A9A2CDA45BBBD/libraries/SrcWrapper/HAL/stm32yyxx_hal_eth_ex.c.o
LOAD /tmp/arduino-sketch-72FEAEA6592A340F5B1A9A2CDA45BBBD/libraries/SrcWrapper/HAL/stm32yyxx_hal_exti.c.o
LOAD /tmp/arduino-sketch-72FEAEA6592A340F5B1A9A2CDA45BBBD/libraries/SrcWrapper/HAL/stm32yyxx_hal_fdcan.c.o
LOAD /tmp/arduino-sketch-72FEAEA6592A340F5B1A9A2CDA45BBBD/libraries/SrcWrapper/HAL/stm32yyxx_hal_firewall.c.o
LOAD /tmp/arduino-sketch-72FEAEA6592A340F5B1A9A2CDA45BBBD/libraries/SrcWrapper/HAL/stm32yyxx_hal_flash.c.o
LOAD /tmp/arduino-sketch-72FEAEA6592A340F5B1A9A2CDA45BBBD/libraries/SrcWrapper/HAL/stm32yyxx_hal_flash_ex.c.o
LOAD /tmp/arduino-sketch-72FEAEA6592A340F5B1A9A2CDA45BBBD/libraries/SrcWrapper/HAL/stm32yyxx_hal_flash_ramfunc.c.o
LOAD /tmp/arduino-sketch-72FEAEA6592A340F5B1A9A2CDA45BBBD/libraries/SrcWrapper/HAL/stm32yyxx_hal_fmac.c.o
LOAD /tmp/arduino-sketch-72FEAEA6592A340F5B1A9A2CDA45BBBD/libraries/SrcWrapper/HAL/stm32yyxx_hal_fmpi2c.c.o
LOAD /tmp/arduino-sketch-72FEAEA6592A340F5B1A9A2CDA45BBBD/libraries/SrcWrapper/HAL/stm32yyxx_hal_fmpi2c_ex.c.o
LOAD /tmp/arduino-sketch-72FEAEA6592A340F5B1A9A2CDA45BBBD/libraries/SrcWrapper/HAL/stm32yyxx_hal_gfxmmu.c.o
LOAD /tmp/arduino-sketch-72FEAEA6592A340F5B1A9A2CDA45BBBD/libraries/SrcWrapper/HAL/stm32yyxx_hal_gpio.c.o
LOAD /tmp/arduino-sketch-72FEAEA6592A340F5B1A9A2CDA45BBBD/libraries/SrcWrapper/HAL/stm32yyxx_hal_gpio_ex.c.o
LOAD /tmp/arduino-sketch-72FEAEA6592A340F5B1A9A2CDA45BBBD/libraries/SrcWrapper/HAL/stm32yyxx_hal_hash.c.o
LOAD /tmp/arduino-sketch-72FEAEA6592A340F5B1A9A2CDA45BBBD/libraries/SrcWrapper/HAL/stm32yyxx_hal_hash_ex.c.o
LOAD /tmp/arduino-sketch-72FEAEA6592A340F5B1A9A2CDA45BBBD/libraries/SrcWrapper/HAL/stm32yyxx_hal_hcd.c.o
LOAD /tmp/arduino-sketch-72FEAEA6592A340F5B1A9A2CDA45BBBD/libraries/SrcWrapper/HAL/stm32yyxx_hal_hrtim.c.o
LOAD /tmp/arduino-sketch-72FEAEA6592A340F5B1A9A2CDA45BBBD/libraries/SrcWrapper/HAL/stm32yyxx_hal_hsem.c.o
LOAD /tmp/arduino-sketch-72FEAEA6592A340F5B1A9A2CDA45BBBD/libraries/SrcWrapper/HAL/stm32yyxx_hal_i2c.c.o
LOAD /tmp/arduino-sketch-72FEAEA6592A340F5B1A9A2CDA45BBBD/libraries/SrcWrapper/HAL/stm32yyxx_hal_i2c_ex.c.o
LOAD /tmp/arduino-sketch-72FEAEA6592A340F5B1A9A2CDA45BBBD/libraries/SrcWrapper/HAL/stm32yyxx_hal_i2s.c.o
LOAD /tmp/arduino-sketch-72FEAEA6592A340F5B1A9A2CDA45BBBD/libraries/SrcWrapper/HAL/stm32yyxx_hal_i2s_ex.c.o
LOAD /tmp/arduino-sketch-72FEAEA6592A340F5B1A9A2CDA45BBBD/libraries/SrcWrapper/HAL/stm32yyxx_hal_ipcc.c.o
LOAD /tmp/arduino-sketch-72FEAEA6592A340F5B1A9A2CDA45BBBD/libraries/SrcWrapper/HAL/stm32yyxx_hal_irda.c.o
LOAD /tmp/arduino-sketch-72FEAEA6592A340F5B1A9A2CDA45BBBD/libraries/SrcWrapper/HAL/stm32yyxx_hal_iwdg.c.o
LOAD /tmp/arduino-sketch-72FEAEA6592A340F5B1A9A2CDA45BBBD/libraries/SrcWrapper/HAL/stm32yyxx_hal_jpeg.c.o
LOAD /tmp/arduino-sketch-72FEAEA6592A340F5B1A9A2CDA45BBBD/libraries/SrcWrapper/HAL/stm32yyxx_hal_lcd.c.o
LOAD /tmp/arduino-sketch-72FEAEA6592A340F5B1A9A2CDA45BBBD/libraries/SrcWrapper/HAL/stm32yyxx_hal_lptim.c.o
LOAD /tmp/arduino-sketch-72FEAEA6592A340F5B1A9A2CDA45BBBD/libraries/SrcWrapper/HAL/stm32yyxx_hal_ltdc.c.o
LOAD /tmp/arduino-sketch-72FEAEA6592A340F5B1A9A2CDA45BBBD/libraries/SrcWrapper/HAL/stm32yyxx_hal_ltdc_ex.c.o
LOAD /tmp/arduino-sketch-72FEAEA6592A340F5B1A9A2CDA45BBBD/libraries/SrcWrapper/HAL/stm32yyxx_hal_mdios.c.o
LOAD /tmp/arduino-sketch-72FEAEA6592A340F5B1A9A2CDA45BBBD/libraries/SrcWrapper/HAL/stm32yyxx_hal_mdma.c.o
LOAD /tmp/arduino-sketch-72FEAEA6592A340F5B1A9A2CDA45BBBD/libraries/SrcWrapper/HAL/stm32yyxx_hal_mmc.c.o
LOAD /tmp/arduino-sketch-72FEAEA6592A340F5B1A9A2CDA45BBBD/libraries/SrcWrapper/HAL/stm32yyxx_hal_mmc_ex.c.o
LOAD /tmp/arduino-sketch-72FEAEA6592A340F5B1A9A2CDA45BBBD/libraries/SrcWrapper/HAL/stm32yyxx_hal_nand.c.o
LOAD /tmp/arduino-sketch-72FEAEA6592A340F5B1A9A2CDA45BBBD/libraries/SrcWrapper/HAL/stm32yyxx_hal_nor.c.o
LOAD /tmp/arduino-sketch-72FEAEA6592A340F5B1A9A2CDA45BBBD/libraries/SrcWrapper/HAL/stm32yyxx_hal_opamp.c.o
LOAD /tmp/arduino-sketch-72FEAEA6592A340F5B1A9A2CDA45BBBD/libraries/SrcWrapper/HAL/stm32yyxx_hal_opamp_ex.c.o
LOAD /tmp/arduino-sketch-72FEAEA6592A340F5B1A9A2CDA45BBBD/libraries/SrcWrapper/HAL/stm32yyxx_hal_ospi.c.o
LOAD /tmp/arduino-sketch-72FEAEA6592A340F5B1A9A2CDA45BBBD/libraries/SrcWrapper/HAL/stm32yyxx_hal_otfdec.c.o
LOAD /tmp/arduino-sketch-72FEAEA6592A340F5B1A9A2CDA45BBBD/libraries/SrcWrapper/HAL/stm32yyxx_hal_pccard.c.o
LOAD /tmp/arduino-sketch-72FEAEA6592A340F5B1A9A2CDA45BBBD/libraries/SrcWrapper/HAL/stm32yyxx_hal_pcd.c.o
LOAD /tmp/arduino-sketch-72FEAEA6592A340F5B1A9A2CDA45BBBD/libraries/SrcWrapper/HAL/stm32yyxx_hal_pcd_ex.c.o
LOAD /tmp/arduino-sketch-72FEAEA6592A340F5B1A9A2CDA45BBBD/libraries/SrcWrapper/HAL/stm32yyxx_hal_pka.c.o
LOAD /tmp/arduino-sketch-72FEAEA6592A340F5B1A9A2CDA45BBBD/libraries/SrcWrapper/HAL/stm32yyxx_hal_pssi.c.o
LOAD /tmp/arduino-sketch-72FEAEA6592A340F5B1A9A2CDA45BBBD/libraries/SrcWrapper/HAL/stm32yyxx_hal_pwr.c.o
LOAD /tmp/arduino-sketch-72FEAEA6592A340F5B1A9A2CDA45BBBD/libraries/SrcWrapper/HAL/stm32yyxx_hal_pwr_ex.c.o
LOAD /tmp/arduino-sketch-72FEAEA6592A340F5B1A9A2CDA45BBBD/libraries/SrcWrapper/HAL/stm32yyxx_hal_qspi.c.o
LOAD /tmp/arduino-sketch-72FEAEA6592A340F5B1A9A2CDA45BBBD/libraries/SrcWrapper/HAL/stm32yyxx_hal_ramecc.c.o
LOAD /tmp/arduino-sketch-72FEAEA6592A340F5B1A9A2CDA45BBBD/libraries/SrcWrapper/HAL/stm32yyxx_hal_rcc.c.o
LOAD /tmp/arduino-sketch-72FEAEA6592A340F5B1A9A2CDA45BBBD/libraries/SrcWrapper/HAL/stm32yyxx_hal_rcc_ex.c.o
LOAD /tmp/arduino-sketch-72FEAEA6592A340F5B1A9A2CDA45BBBD/libraries/SrcWrapper/HAL/stm32yyxx_hal_rng.c.o
LOAD /tmp/arduino-sketch-72FEAEA6592A340F5B1A9A2CDA45BBBD/libraries/SrcWrapper/HAL/stm32yyxx_hal_rng_ex.c.o
LOAD /tmp/arduino-sketch-72FEAEA6592A340F5B1A9A2CDA45BBBD/libraries/SrcWrapper/HAL/stm32yyxx_hal_rtc.c.o
LOAD /tmp/arduino-sketch-72FEAEA6592A340F5B1A9A2CDA45BBBD/libraries/SrcWrapper/HAL/stm32yyxx_hal_rtc_ex.c.o
LOAD /tmp/arduino-sketch-72FEAEA6592A340F5B1A9A2CDA45BBBD/libraries/SrcWrapper/HAL/stm32yyxx_hal_sai.c.o
LOAD /tmp/arduino-sketch-72FEAEA6592A340F5B1A9A2CDA45BBBD/libraries/SrcWrapper/HAL/stm32yyxx_hal_sai_ex.c.o
LOAD /tmp/arduino-sketch-72FEAEA6592A340F5B1A9A2CDA45BBBD/libraries/SrcWrapper/HAL/stm32yyxx_hal_sd.c.o
LOAD /tmp/arduino-sketch-72FEAEA6592A340F5B1A9A2CDA45BBBD/libraries/SrcWrapper/HAL/stm32yyxx_hal_sd_ex.c.o
LOAD /tmp/arduino-sketch-72FEAEA6592A340F5B1A9A2CDA45BBBD/libraries/SrcWrapper/HAL/stm32yyxx_hal_sdadc.c.o
LOAD /tmp/arduino-sketch-72FEAEA6592A340F5B1A9A2CDA45BBBD/libraries/SrcWrapper/HAL/stm32yyxx_hal_sdram.c.o
LOAD /tmp/arduino-sketch-72FEAEA6592A340F5B1A9A2CDA45BBBD/libraries/SrcWrapper/HAL/stm32yyxx_hal_smartcard.c.o
LOAD /tmp/arduino-sketch-72FEAEA6592A340F5B1A9A2CDA45BBBD/libraries/SrcWrapper/HAL/stm32yyxx_hal_smartcard_ex.c.o
LOAD /tmp/arduino-sketch-72FEAEA6592A340F5B1A9A2CDA45BBBD/libraries/SrcWrapper/HAL/stm32yyxx_hal_smbus.c.o
LOAD /tmp/arduino-sketch-72FEAEA6592A340F5B1A9A2CDA45BBBD/libraries/SrcWrapper/HAL/stm32yyxx_hal_spdifrx.c.o
LOAD /tmp/arduino-sketch-72FEAEA6592A340F5B1A9A2CDA45BBBD/libraries/SrcWrapper/HAL/stm32yyxx_hal_spi.c.o
LOAD /tmp/arduino-sketch-72FEAEA6592A340F5B1A9A2CDA45BBBD/libraries/SrcWrapper/HAL/stm32yyxx_hal_spi_ex.c.o
LOAD /tmp/arduino-sketch-72FEAEA6592A340F5B1A9A2CDA45BBBD/libraries/SrcWrapper/HAL/stm32yyxx_hal_sram.c.o
LOAD /tmp/arduino-sketch-72FEAEA6592A340F5B1A9A2CDA45BBBD/libraries/SrcWrapper/HAL/stm32yyxx_hal_swpmi.c.o
LOAD /tmp/arduino-sketch-72FEAEA6592A340F5B1A9A2CDA45BBBD/libraries/SrcWrapper/HAL/stm32yyxx_hal_tim.c.o
LOAD /tmp/arduino-sketch-72FEAEA6592A340F5B1A9A2CDA45BBBD/libraries/SrcWrapper/HAL/stm32yyxx_hal_tim_ex.c.o
LOAD /tmp/arduino-sketch-72FEAEA6592A340F5B1A9A2CDA45BBBD/libraries/SrcWrapper/HAL/stm32yyxx_hal_tsc.c.o
LOAD /tmp/arduino-sketch-72FEAEA6592A340F5B1A9A2CDA45BBBD/libraries/SrcWrapper/HAL/stm32yyxx_hal_uart.c.o
LOAD /tmp/arduino-sketch-72FEAEA6592A340F5B1A9A2CDA45BBBD/libraries/SrcWrapper/HAL/stm32yyxx_hal_uart_ex.c.o
LOAD /tmp/arduino-sketch-72FEAEA6592A340F5B1A9A2CDA45BBBD/libraries/SrcWrapper/HAL/stm32yyxx_hal_usart.c.o
LOAD /tmp/arduino-sketch-72FEAEA6592A340F5B1A9A2CDA45BBBD/libraries/SrcWrapper/HAL/stm32yyxx_hal_usart_ex.c.o
LOAD /tmp/arduino-sketch-72FEAEA6592A340F5B1A9A2CDA45BBBD/libraries/SrcWrapper/HAL/stm32yyxx_hal_wwdg.c.o
LOAD /tmp/arduino-sketch-72FEAEA6592A340F5B1A9A2CDA45BBBD/libraries/SrcWrapper/LL/stm32yyxx_ll_adc.c.o
LOAD /tmp/arduino-sketch-72FEAEA6592A340F5B1A9A2CDA45BBBD/libraries/SrcWrapper/LL/stm32yyxx_ll_bdma.c.o
LOAD /tmp/arduino-sketch-72FEAEA6592A340F5B1A9A2CDA45BBBD/libraries/SrcWrapper/LL/stm32yyxx_ll_comp.c.o
LOAD /tmp/arduino-sketch-72FEAEA6592A340F5B1A9A2CDA45BBBD/libraries/SrcWrapper/LL/stm32yyxx_ll_cordic.c.o
LOAD /tmp/arduino-sketch-72FEAEA6592A340F5B1A9A2CDA45BBBD/libraries/SrcWrapper/LL/stm32yyxx_ll_crc.c.o
LOAD /tmp/arduino-sketch-72FEAEA6592A340F5B1A9A2CDA45BBBD/libraries/SrcWrapper/LL/stm32yyxx_ll_crs.c.o
LOAD /tmp/arduino-sketch-72FEAEA6592A340F5B1A9A2CDA45BBBD/libraries/SrcWrapper/LL/stm32yyxx_ll_dac.c.o
LOAD /tmp/arduino-sketch-72FEAEA6592A340F5B1A9A2CDA45BBBD/libraries/SrcWrapper/LL/stm32yyxx_ll_delayblock.c.o
LOAD /tmp/arduino-sketch-72FEAEA6592A340F5B1A9A2CDA45BBBD/libraries/SrcWrapper/LL/stm32yyxx_ll_dma.c.o
LOAD /tmp/arduino-sketch-72FEAEA6592A340F5B1A9A2CDA45BBBD/libraries/SrcWrapper/LL/stm32yyxx_ll_dma2d.c.o
LOAD /tmp/arduino-sketch-72FEAEA6592A340F5B1A9A2CDA45BBBD/libraries/SrcWrapper/LL/stm32yyxx_ll_exti.c.o
LOAD /tmp/arduino-sketch-72FEAEA6592A340F5B1A9A2CDA45BBBD/libraries/SrcWrapper/LL/stm32yyxx_ll_fmac.c.o
LOAD /tmp/arduino-sketch-72FEAEA6592A340F5B1A9A2CDA45BBBD/libraries/SrcWrapper/LL/stm32yyxx_ll_fmc.c.o
LOAD /tmp/arduino-sketch-72FEAEA6592A340F5B1A9A2CDA45BBBD/libraries/SrcWrapper/LL/stm32yyxx_ll_fsmc.c.o
LOAD /tmp/arduino-sketch-72FEAEA6592A340F5B1A9A2CDA45BBBD/libraries/SrcWrapper/LL/stm32yyxx_ll_gpio.c.o
LOAD /tmp/arduino-sketch-72FEAEA6592A340F5B1A9A2CDA45BBBD/libraries/SrcWrapper/LL/stm32yyxx_ll_hrtim.c.o
LOAD /tmp/arduino-sketch-72FEAEA6592A340F5B1A9A2CDA45BBBD/libraries/SrcWrapper/LL/stm32yyxx_ll_i2c.c.o
LOAD /tmp/arduino-sketch-72FEAEA6592A340F5B1A9A2CDA45BBBD/libraries/SrcWrapper/LL/stm32yyxx_ll_lptim.c.o
LOAD /tmp/arduino-sketch-72FEAEA6592A340F5B1A9A2CDA45BBBD/libraries/SrcWrapper/LL/stm32yyxx_ll_lpuart.c.o
LOAD /tmp/arduino-sketch-72FEAEA6592A340F5B1A9A2CDA45BBBD/libraries/SrcWrapper/LL/stm32yyxx_ll_mdma.c.o
LOAD /tmp/arduino-sketch-72FEAEA6592A340F5B1A9A2CDA45BBBD/libraries/SrcWrapper/LL/stm32yyxx_ll_opamp.c.o
LOAD /tmp/arduino-sketch-72FEAEA6592A340F5B1A9A2CDA45BBBD/libraries/SrcWrapper/LL/stm32yyxx_ll_pka.c.o
LOAD /tmp/arduino-sketch-72FEAEA6592A340F5B1A9A2CDA45BBBD/libraries/SrcWrapper/LL/stm32yyxx_ll_pwr.c.o
LOAD /tmp/arduino-sketch-72FEAEA6592A340F5B1A9A2CDA45BBBD/libraries/SrcWrapper/LL/stm32yyxx_ll_rcc.c.o
LOAD /tmp/arduino-sketch-72FEAEA6592A340F5B1A9A2CDA45BBBD/libraries/SrcWrapper/LL/stm32yyxx_ll_rng.c.o
LOAD /tmp/arduino-sketch-72FEAEA6592A340F5B1A9A2CDA45BBBD/libraries/SrcWrapper/LL/stm32yyxx_ll_rtc.c.o
LOAD /tmp/arduino-sketch-72FEAEA6592A340F5B1A9A2CDA45BBBD/libraries/SrcWrapper/LL/stm32yyxx_ll_sdmmc.c.o
LOAD /tmp/arduino-sketch-72FEAEA6592A340F5B1A9A2CDA45BBBD/libraries/SrcWrapper/LL/stm32yyxx_ll_spi.c.o
LOAD /tmp/arduino-sketch-72FEAEA6592A340F5B1A9A2CDA45BBBD/libraries/SrcWrapper/LL/stm32yyxx_ll_swpmi.c.o
LOAD /tmp/arduino-sketch-72FEAEA6592A340F5B1A9A2CDA45BBBD/libraries/SrcWrapper/LL/stm32yyxx_ll_tim.c.o
LOAD /tmp/arduino-sketch-72FEAEA6592A340F5B1A9A2CDA45BBBD/libraries/SrcWrapper/LL/stm32yyxx_ll_ucpd.c.o
LOAD /tmp/arduino-sketch-72FEAEA6592A340F5B1A9A2CDA45BBBD/libraries/SrcWrapper/LL/stm32yyxx_ll_usart.c.o
LOAD /tmp/arduino-sketch-72FEAEA6592A340F5B1A9A2CDA45BBBD/libraries/SrcWrapper/LL/stm32yyxx_ll_usb.c.o
LOAD /tmp/arduino-sketch-72FEAEA6592A340F5B1A9A2CDA45BBBD/libraries/SrcWrapper/LL/stm32yyxx_ll_utils.c.o
LOAD /tmp/arduino-sketch-72FEAEA6592A340F5B1A9A2CDA45BBBD/libraries/SrcWrapper/stm32/PortNames.c.o
LOAD /tmp/arduino-sketch-72FEAEA6592A340F5B1A9A2CDA45BBBD/libraries/SrcWrapper/stm32/bootloader.c.o
LOAD /tmp/arduino-sketch-72FEAEA6592A340F5B1A9A2CDA45BBBD/libraries/SrcWrapper/stm32/clock.c.o
LOAD /tmp/arduino-sketch-72FEAEA6592A340F5B1A9A2CDA45BBBD/libraries/SrcWrapper/stm32/core_callback.c.o
LOAD /tmp/arduino-sketch-72FEAEA6592A340F5B1A9A2CDA45BBBD/libraries/SrcWrapper/stm32/dwt.c.o
LOAD /tmp/arduino-sketch-72FEAEA6592A340F5B1A9A2CDA45BBBD/libraries/SrcWrapper/stm32/hw_config.c.o
LOAD /tmp/arduino-sketch-72FEAEA6592A340F5B1A9A2CDA45BBBD/libraries/SrcWrapper/stm32/lock_resource.c.o
LOAD /tmp/arduino-sketch-72FEAEA6592A340F5B1A9A2CDA45BBBD/libraries/SrcWrapper/stm32/low_power.c.o
LOAD /tmp/arduino-sketch-72FEAEA6592A340F5B1A9A2CDA45BBBD/libraries/SrcWrapper/stm32/pinmap.c.o
LOAD /tmp/arduino-sketch-72FEAEA6592A340F5B1A9A2CDA45BBBD/libraries/SrcWrapper/stm32/rtc.c.o
LOAD /tmp/arduino-sketch-72FEAEA6592A340F5B1A9A2CDA45BBBD/libraries/SrcWrapper/stm32/stm32_def.c.o
LOAD /tmp/arduino-sketch-72FEAEA6592A340F5B1A9A2CDA45BBBD/libraries/SrcWrapper/stm32/stm32_eeprom.c.o
LOAD /tmp/arduino-sketch-72FEAEA6592A340F5B1A9A2CDA45BBBD/libraries/SrcWrapper/stm32/system_stm32yyxx.c.o
LOAD /tmp/arduino-sketch-72FEAEA6592A340F5B1A9A2CDA45BBBD/libraries/SrcWrapper/stm32/timer.c.o
LOAD /tmp/arduino-sketch-72FEAEA6592A340F5B1A9A2CDA45BBBD/libraries/SrcWrapper/stm32/uart.c.o
LOAD /tmp/arduino-sketch-72FEAEA6592A340F5B1A9A2CDA45BBBD/libraries/SrcWrapper/stm32/analog.cpp.o
LOAD /tmp/arduino-sketch-72FEAEA6592A340F5B1A9A2CDA45BBBD/libraries/SrcWrapper/stm32/interrupt.cpp.o
LOAD /tmp/arduino-sketch-72FEAEA6592A340F5B1A9A2CDA45BBBD/core/PeripheralPins.c.o
LOAD /tmp/arduino-sketch-72FEAEA6592A340F5B1A9A2CDA45BBBD/core/variant.cpp.o
LOAD /tmp/arduino-sketch-72FEAEA6592A340F5B1A9A2CDA45BBBD/core/core.a
LOAD /home/shamimi/.arduino15/packages/STM32/tools/xpack-arm-none-eabi-gcc/9.2.1-1.1/bin/../lib/gcc/arm-none-eabi/9.2.1/../../../../arm-none-eabi/lib/thumb/v7-m/nofp/libc_nano.a
END GROUP
LOAD /home/shamimi/.arduino15/packages/STM32/tools/xpack-arm-none-eabi-gcc/9.2.1-1.1/bin/../lib/gcc/arm-none-eabi/9.2.1/../../../../arm-none-eabi/lib/thumb/v7-m/nofp/libm.a
LOAD /home/shamimi/.arduino15/packages/STM32/tools/xpack-arm-none-eabi-gcc/9.2.1-1.1/bin/../lib/gcc/arm-none-eabi/9.2.1/thumb/v7-m/nofp/libgcc.a
LOAD /home/shamimi/.arduino15/packages/STM32/tools/xpack-arm-none-eabi-gcc/9.2.1-1.1/bin/../lib/gcc/arm-none-eabi/9.2.1/../../../../arm-none-eabi/lib/thumb/v7-m/nofp/libstdc++_nano.a
START GROUP
LOAD /home/shamimi/.arduino15/packages/STM32/tools/xpack-arm-none-eabi-gcc/9.2.1-1.1/bin/../lib/gcc/arm-none-eabi/9.2.1/thumb/v7-m/nofp/libgcc.a
LOAD /home/shamimi/.arduino15/packages/STM32/tools/xpack-arm-none-eabi-gcc/9.2.1-1.1/bin/../lib/gcc/arm-none-eabi/9.2.1/../../../../arm-none-eabi/lib/thumb/v7-m/nofp/libc_nano.a
END GROUP
START GROUP
LOAD /home/shamimi/.arduino15/packages/STM32/tools/xpack-arm-none-eabi-gcc/9.2.1-1.1/bin/../lib/gcc/arm-none-eabi/9.2.1/thumb/v7-m/nofp/libgcc.a
LOAD /home/shamimi/.arduino15/packages/STM32/tools/xpack-arm-none-eabi-gcc/9.2.1-1.1/bin/../lib/gcc/arm-none-eabi/9.2.1/../../../../arm-none-eabi/lib/thumb/v7-m/nofp/libc_nano.a
END GROUP
LOAD /home/shamimi/.arduino15/packages/STM32/tools/xpack-arm-none-eabi-gcc/9.2.1-1.1/bin/../lib/gcc/arm-none-eabi/9.2.1/thumb/v7-m/nofp/crtend.o
LOAD /home/shamimi/.arduino15/packages/STM32/tools/xpack-arm-none-eabi-gcc/9.2.1-1.1/bin/../lib/gcc/arm-none-eabi/9.2.1/thumb/v7-m/nofp/crtn.o
                0x0000000020005000                _estack = (0x20000000 + LD_MAX_DATA_SIZE)
                0x0000000000000200                _Min_Heap_Size = 0x200
                0x0000000000000400                _Min_Stack_Size = 0x400

.isr_vector     0x0000000008000000      0x10c
                0x0000000008000000                . = ALIGN (0x4)
 *(.isr_vector)
 .isr_vector    0x0000000008000000      0x10c /tmp/arduino-sketch-72FEAEA6592A340F5B1A9A2CDA45BBBD/core/core.a(startup_stm32yyxx.S.o)
                0x0000000008000000                g_pfnVectors
                0x000000000800010c                . = ALIGN (0x4)

.text           0x000000000800010c     0x2228
                0x000000000800010c                . = ALIGN (0x4)
 *(.text)
 *(.text*)
 .text.__do_global_dtors_aux
                0x000000000800010c       0x24 /home/shamimi/.arduino15/packages/STM32/tools/xpack-arm-none-eabi-gcc/9.2.1-1.1/bin/../lib/gcc/arm-none-eabi/9.2.1/thumb/v7-m/nofp/crtbegin.o
 .text.frame_dummy
                0x0000000008000130       0x1c /home/shamimi/.arduino15/packages/STM32/tools/xpack-arm-none-eabi-gcc/9.2.1-1.1/bin/../lib/gcc/arm-none-eabi/9.2.1/thumb/v7-m/nofp/crtbegin.o
 .text.setup    0x000000000800014c        0x8 /tmp/arduino-sketch-72FEAEA6592A340F5B1A9A2CDA45BBBD/sketch/MyStmSketch.ino.cpp.o
                0x000000000800014c                setup
 .text.loop     0x0000000008000154       0x22 /tmp/arduino-sketch-72FEAEA6592A340F5B1A9A2CDA45BBBD/sketch/MyStmSketch.ino.cpp.o
                0x0000000008000154                loop
 *fill*         0x0000000008000176        0x2 
 .text._sbrk    0x0000000008000178       0x3c /tmp/arduino-sketch-72FEAEA6592A340F5B1A9A2CDA45BBBD/libraries/SrcWrapper/syscalls.c.o
                0x0000000008000178                _sbrk
 .text._exit    0x00000000080001b4        0x2 /tmp/arduino-sketch-72FEAEA6592A340F5B1A9A2CDA45BBBD/libraries/SrcWrapper/syscalls.c.o
                0x00000000080001b4                _exit
 *fill*         0x00000000080001b6        0x2 
 .text._kill    0x00000000080001b8       0x10 /tmp/arduino-sketch-72FEAEA6592A340F5B1A9A2CDA45BBBD/libraries/SrcWrapper/syscalls.c.o
                0x00000000080001b8                _kill
 .text._getpid  0x00000000080001c8        0x4 /tmp/arduino-sketch-72FEAEA6592A340F5B1A9A2CDA45BBBD/libraries/SrcWrapper/syscalls.c.o
                0x00000000080001c8                _getpid
 .text.HAL_MspInit
                0x00000000080001cc        0x2 /tmp/arduino-sketch-72FEAEA6592A340F5B1A9A2CDA45BBBD/libraries/SrcWrapper/HAL/stm32yyxx_hal.c.o
                0x00000000080001cc                HAL_MspInit
 *fill*         0x00000000080001ce        0x2 
 .text.HAL_InitTick
                0x00000000080001d0       0x48 /tmp/arduino-sketch-72FEAEA6592A340F5B1A9A2CDA45BBBD/libraries/SrcWrapper/HAL/stm32yyxx_hal.c.o
                0x00000000080001d0                HAL_InitTick
 .text.HAL_Init
                0x0000000008000218       0x24 /tmp/arduino-sketch-72FEAEA6592A340F5B1A9A2CDA45BBBD/libraries/SrcWrapper/HAL/stm32yyxx_hal.c.o
                0x0000000008000218                HAL_Init
 .text.HAL_IncTick
                0x000000000800023c       0x18 /tmp/arduino-sketch-72FEAEA6592A340F5B1A9A2CDA45BBBD/libraries/SrcWrapper/HAL/stm32yyxx_hal.c.o
                0x000000000800023c                HAL_IncTick
 .text.HAL_GetTick
                0x0000000008000254        0xc /tmp/arduino-sketch-72FEAEA6592A340F5B1A9A2CDA45BBBD/libraries/SrcWrapper/HAL/stm32yyxx_hal.c.o
                0x0000000008000254                HAL_GetTick
 .text.HAL_NVIC_SetPriorityGrouping
                0x0000000008000260       0x24 /tmp/arduino-sketch-72FEAEA6592A340F5B1A9A2CDA45BBBD/libraries/SrcWrapper/HAL/stm32yyxx_hal_cortex.c.o
                0x0000000008000260                HAL_NVIC_SetPriorityGrouping
 .text.HAL_NVIC_SetPriority
                0x0000000008000284       0x64 /tmp/arduino-sketch-72FEAEA6592A340F5B1A9A2CDA45BBBD/libraries/SrcWrapper/HAL/stm32yyxx_hal_cortex.c.o
                0x0000000008000284                HAL_NVIC_SetPriority
 .text.HAL_NVIC_EnableIRQ
                0x00000000080002e8       0x1c /tmp/arduino-sketch-72FEAEA6592A340F5B1A9A2CDA45BBBD/libraries/SrcWrapper/HAL/stm32yyxx_hal_cortex.c.o
                0x00000000080002e8                HAL_NVIC_EnableIRQ
 .text.HAL_NVIC_DisableIRQ
                0x0000000008000304       0x28 /tmp/arduino-sketch-72FEAEA6592A340F5B1A9A2CDA45BBBD/libraries/SrcWrapper/HAL/stm32yyxx_hal_cortex.c.o
                0x0000000008000304                HAL_NVIC_DisableIRQ
 .text.HAL_SYSTICK_Config
                0x000000000800032c       0x2c /tmp/arduino-sketch-72FEAEA6592A340F5B1A9A2CDA45BBBD/libraries/SrcWrapper/HAL/stm32yyxx_hal_cortex.c.o
                0x000000000800032c                HAL_SYSTICK_Config
 .text.HAL_NVIC_ClearPendingIRQ
                0x0000000008000358       0x20 /tmp/arduino-sketch-72FEAEA6592A340F5B1A9A2CDA45BBBD/libraries/SrcWrapper/HAL/stm32yyxx_hal_cortex.c.o
                0x0000000008000358                HAL_NVIC_ClearPendingIRQ
 .text.HAL_SYSTICK_Callback
                0x0000000008000378        0x2 /tmp/arduino-sketch-72FEAEA6592A340F5B1A9A2CDA45BBBD/libraries/SrcWrapper/HAL/stm32yyxx_hal_cortex.c.o
                0x0000000008000378                HAL_SYSTICK_Callback
 .text.HAL_SYSTICK_IRQHandler
                0x000000000800037a        0x8 /tmp/arduino-sketch-72FEAEA6592A340F5B1A9A2CDA45BBBD/libraries/SrcWrapper/HAL/stm32yyxx_hal_cortex.c.o
                0x000000000800037a                HAL_SYSTICK_IRQHandler
 *fill*         0x0000000008000382        0x2 
 .text.HAL_DMA_Abort_IT
                0x0000000008000384       0x8c /tmp/arduino-sketch-72FEAEA6592A340F5B1A9A2CDA45BBBD/libraries/SrcWrapper/HAL/stm32yyxx_hal_dma.c.o
                0x0000000008000384                HAL_DMA_Abort_IT
 .text.HAL_GPIO_EXTI_IRQHandler
                0x0000000008000410       0x18 /tmp/arduino-sketch-72FEAEA6592A340F5B1A9A2CDA45BBBD/libraries/SrcWrapper/HAL/stm32yyxx_hal_gpio.c.o
                0x0000000008000410                HAL_GPIO_EXTI_IRQHandler
 .text.HAL_RCC_OscConfig
                0x0000000008000428      0x338 /tmp/arduino-sketch-72FEAEA6592A340F5B1A9A2CDA45BBBD/libraries/SrcWrapper/HAL/stm32yyxx_hal_rcc.c.o
                0x0000000008000428                HAL_RCC_OscConfig
 .text.HAL_RCC_GetSysClockFreq
                0x0000000008000760       0x74 /tmp/arduino-sketch-72FEAEA6592A340F5B1A9A2CDA45BBBD/libraries/SrcWrapper/HAL/stm32yyxx_hal_rcc.c.o
                0x0000000008000760                HAL_RCC_GetSysClockFreq
 .text.HAL_RCC_ClockConfig
                0x00000000080007d4      0x138 /tmp/arduino-sketch-72FEAEA6592A340F5B1A9A2CDA45BBBD/libraries/SrcWrapper/HAL/stm32yyxx_hal_rcc.c.o
                0x00000000080007d4                HAL_RCC_ClockConfig
 .text.HAL_RCCEx_PeriphCLKConfig
                0x000000000800090c       0xf0 /tmp/arduino-sketch-72FEAEA6592A340F5B1A9A2CDA45BBBD/libraries/SrcWrapper/HAL/stm32yyxx_hal_rcc_ex.c.o
                0x000000000800090c                HAL_RCCEx_PeriphCLKConfig
 .text.HAL_RTC_AlarmIRQHandler
                0x00000000080009fc       0x30 /tmp/arduino-sketch-72FEAEA6592A340F5B1A9A2CDA45BBBD/libraries/SrcWrapper/HAL/stm32yyxx_hal_rtc.c.o
                0x00000000080009fc                HAL_RTC_AlarmIRQHandler
 .text.HAL_TIM_PWM_PulseFinishedCallback
                0x0000000008000a2c        0x2 /tmp/arduino-sketch-72FEAEA6592A340F5B1A9A2CDA45BBBD/libraries/SrcWrapper/HAL/stm32yyxx_hal_tim.c.o
                0x0000000008000a2c                HAL_TIM_PWM_PulseFinishedCallback
 .text.HAL_TIM_TriggerCallback
                0x0000000008000a2e        0x2 /tmp/arduino-sketch-72FEAEA6592A340F5B1A9A2CDA45BBBD/libraries/SrcWrapper/HAL/stm32yyxx_hal_tim.c.o
                0x0000000008000a2e                HAL_TIM_TriggerCallback
 .text.HAL_TIM_IRQHandler
                0x0000000008000a30      0x144 /tmp/arduino-sketch-72FEAEA6592A340F5B1A9A2CDA45BBBD/libraries/SrcWrapper/HAL/stm32yyxx_hal_tim.c.o
                0x0000000008000a30                HAL_TIM_IRQHandler
 .text.TIM_Base_SetConfig
                0x0000000008000b74       0x70 /tmp/arduino-sketch-72FEAEA6592A340F5B1A9A2CDA45BBBD/libraries/SrcWrapper/HAL/stm32yyxx_hal_tim.c.o
                0x0000000008000b74                TIM_Base_SetConfig
 .text.HAL_TIM_Base_Init
                0x0000000008000be4       0x34 /tmp/arduino-sketch-72FEAEA6592A340F5B1A9A2CDA45BBBD/libraries/SrcWrapper/HAL/stm32yyxx_hal_tim.c.o
                0x0000000008000be4                HAL_TIM_Base_Init
 .text.HAL_TIMEx_CommutCallback
                0x0000000008000c18        0x2 /tmp/arduino-sketch-72FEAEA6592A340F5B1A9A2CDA45BBBD/libraries/SrcWrapper/HAL/stm32yyxx_hal_tim_ex.c.o
                0x0000000008000c18                HAL_TIMEx_CommutCallback
 .text.HAL_TIMEx_BreakCallback
                0x0000000008000c1a        0x2 /tmp/arduino-sketch-72FEAEA6592A340F5B1A9A2CDA45BBBD/libraries/SrcWrapper/HAL/stm32yyxx_hal_tim_ex.c.o
                0x0000000008000c1a                HAL_TIMEx_BreakCallback
 .text.UART_EndRxTransfer
                0x0000000008000c1c       0x1a /tmp/arduino-sketch-72FEAEA6592A340F5B1A9A2CDA45BBBD/libraries/SrcWrapper/HAL/stm32yyxx_hal_uart.c.o
 .text.HAL_UART_Transmit_IT
                0x0000000008000c36       0x3e /tmp/arduino-sketch-72FEAEA6592A340F5B1A9A2CDA45BBBD/libraries/SrcWrapper/HAL/stm32yyxx_hal_uart.c.o
                0x0000000008000c36                HAL_UART_Transmit_IT
 .text.HAL_UART_Receive_IT
                0x0000000008000c74       0x4e /tmp/arduino-sketch-72FEAEA6592A340F5B1A9A2CDA45BBBD/libraries/SrcWrapper/HAL/stm32yyxx_hal_uart.c.o
                0x0000000008000c74                HAL_UART_Receive_IT
 .text.UART_Receive_IT
                0x0000000008000cc2       0x76 /tmp/arduino-sketch-72FEAEA6592A340F5B1A9A2CDA45BBBD/libraries/SrcWrapper/HAL/stm32yyxx_hal_uart.c.o
 .text.HAL_UART_IRQHandler
                0x0000000008000d38      0x140 /tmp/arduino-sketch-72FEAEA6592A340F5B1A9A2CDA45BBBD/libraries/SrcWrapper/HAL/stm32yyxx_hal_uart.c.o
                0x0000000008000d38                HAL_UART_IRQHandler
 .text.UART_DMAAbortOnError
                0x0000000008000e78       0x10 /tmp/arduino-sketch-72FEAEA6592A340F5B1A9A2CDA45BBBD/libraries/SrcWrapper/HAL/stm32yyxx_hal_uart.c.o
 .text.HAL_HalfDuplex_EnableTransmitter
                0x0000000008000e88       0x30 /tmp/arduino-sketch-72FEAEA6592A340F5B1A9A2CDA45BBBD/libraries/SrcWrapper/HAL/stm32yyxx_hal_uart.c.o
                0x0000000008000e88                HAL_HalfDuplex_EnableTransmitter
 .text.HAL_HalfDuplex_EnableReceiver
                0x0000000008000eb8       0x30 /tmp/arduino-sketch-72FEAEA6592A340F5B1A9A2CDA45BBBD/libraries/SrcWrapper/HAL/stm32yyxx_hal_uart.c.o
                0x0000000008000eb8                HAL_HalfDuplex_EnableReceiver
 .text.HAL_UART_GetState
                0x0000000008000ee8        0xc /tmp/arduino-sketch-72FEAEA6592A340F5B1A9A2CDA45BBBD/libraries/SrcWrapper/HAL/stm32yyxx_hal_uart.c.o
                0x0000000008000ee8                HAL_UART_GetState
 .text.set_GPIO_Port_Clock
                0x0000000008000ef4       0xa8 /tmp/arduino-sketch-72FEAEA6592A340F5B1A9A2CDA45BBBD/libraries/SrcWrapper/stm32/PortNames.c.o
                0x0000000008000ef4                set_GPIO_Port_Clock
 .text.getCurrentMillis
                0x0000000008000f9c        0x4 /tmp/arduino-sketch-72FEAEA6592A340F5B1A9A2CDA45BBBD/libraries/SrcWrapper/stm32/clock.c.o
                0x0000000008000f9c                getCurrentMillis
 .text.noOsSystickHandler
                0x0000000008000fa0        0x2 /tmp/arduino-sketch-72FEAEA6592A340F5B1A9A2CDA45BBBD/libraries/SrcWrapper/stm32/clock.c.o
                0x0000000008000fa0                noOsSystickHandler
                0x0000000008000fa0                osSystickHandler
 .text.SysTick_Handler
                0x0000000008000fa2       0x10 /tmp/arduino-sketch-72FEAEA6592A340F5B1A9A2CDA45BBBD/libraries/SrcWrapper/stm32/clock.c.o
                0x0000000008000fa2                SysTick_Handler
 *fill*         0x0000000008000fb2        0x2 
 .text.dwt_init
                0x0000000008000fb4       0x38 /tmp/arduino-sketch-72FEAEA6592A340F5B1A9A2CDA45BBBD/libraries/SrcWrapper/stm32/dwt.c.o
                0x0000000008000fb4                dwt_init
 .text.hw_config_init
                0x0000000008000fec       0x12 /tmp/arduino-sketch-72FEAEA6592A340F5B1A9A2CDA45BBBD/libraries/SrcWrapper/stm32/hw_config.c.o
                0x0000000008000fec                hw_config_init
 *fill*         0x0000000008000ffe        0x2 
 .text.pin_SetF1AFPin
                0x0000000008001000      0x1f8 /tmp/arduino-sketch-72FEAEA6592A340F5B1A9A2CDA45BBBD/libraries/SrcWrapper/stm32/pinmap.c.o
 .text.LL_GPIO_SetPinMode
                0x00000000080011f8       0x2e /tmp/arduino-sketch-72FEAEA6592A340F5B1A9A2CDA45BBBD/libraries/SrcWrapper/stm32/pinmap.c.o
 .text.LL_GPIO_SetPinOutputType
                0x0000000008001226       0x2e /tmp/arduino-sketch-72FEAEA6592A340F5B1A9A2CDA45BBBD/libraries/SrcWrapper/stm32/pinmap.c.o
 .text.pin_in_pinmap
                0x0000000008001254       0x1e /tmp/arduino-sketch-72FEAEA6592A340F5B1A9A2CDA45BBBD/libraries/SrcWrapper/stm32/pinmap.c.o
                0x0000000008001254                pin_in_pinmap
 *fill*         0x0000000008001272        0x2 
 .text.pin_function
                0x0000000008001274      0x19c /tmp/arduino-sketch-72FEAEA6592A340F5B1A9A2CDA45BBBD/libraries/SrcWrapper/stm32/pinmap.c.o
                0x0000000008001274                pin_function
 .text.pinmap_find_peripheral
                0x0000000008001410       0x18 /tmp/arduino-sketch-72FEAEA6592A340F5B1A9A2CDA45BBBD/libraries/SrcWrapper/stm32/pinmap.c.o
                0x0000000008001410                pinmap_find_peripheral
 .text.pinmap_peripheral
                0x0000000008001428        0xc /tmp/arduino-sketch-72FEAEA6592A340F5B1A9A2CDA45BBBD/libraries/SrcWrapper/stm32/pinmap.c.o
                0x0000000008001428                pinmap_peripheral
 .text.pinmap_find_pin
                0x0000000008001434       0x18 /tmp/arduino-sketch-72FEAEA6592A340F5B1A9A2CDA45BBBD/libraries/SrcWrapper/stm32/pinmap.c.o
                0x0000000008001434                pinmap_find_pin
 .text.pinmap_pin
                0x000000000800144c        0xc /tmp/arduino-sketch-72FEAEA6592A340F5B1A9A2CDA45BBBD/libraries/SrcWrapper/stm32/pinmap.c.o
                0x000000000800144c                pinmap_pin
 .text.HAL_RTC_AlarmAEventCallback
                0x0000000008001458       0x18 /tmp/arduino-sketch-72FEAEA6592A340F5B1A9A2CDA45BBBD/libraries/SrcWrapper/stm32/rtc.c.o
                0x0000000008001458                HAL_RTC_AlarmAEventCallback
 .text.RTC_Alarm_IRQHandler
                0x0000000008001470        0xc /tmp/arduino-sketch-72FEAEA6592A340F5B1A9A2CDA45BBBD/libraries/SrcWrapper/stm32/rtc.c.o
                0x0000000008001470                RTC_Alarm_IRQHandler
 .text._Error_Handler
                0x000000000800147c        0x2 /tmp/arduino-sketch-72FEAEA6592A340F5B1A9A2CDA45BBBD/libraries/SrcWrapper/stm32/stm32_def.c.o
                0x000000000800147c                _Error_Handler
 *fill*         0x000000000800147e        0x2 
 .text.SystemInit
                0x0000000008001480       0x4c /tmp/arduino-sketch-72FEAEA6592A340F5B1A9A2CDA45BBBD/libraries/SrcWrapper/stm32/system_stm32yyxx.c.o
                0x0000000008001480                SystemInit
 .text.get_timer_obj
                0x00000000080014cc        0x4 /tmp/arduino-sketch-72FEAEA6592A340F5B1A9A2CDA45BBBD/libraries/SrcWrapper/stm32/timer.c.o
                0x00000000080014cc                get_timer_obj
 .text.enableTimerClock
                0x00000000080014d0       0x88 /tmp/arduino-sketch-72FEAEA6592A340F5B1A9A2CDA45BBBD/libraries/SrcWrapper/stm32/timer.c.o
                0x00000000080014d0                enableTimerClock
 .text.disableTimerClock
                0x0000000008001558       0x5c /tmp/arduino-sketch-72FEAEA6592A340F5B1A9A2CDA45BBBD/libraries/SrcWrapper/stm32/timer.c.o
                0x0000000008001558                disableTimerClock
 .text.getTimerUpIrq
                0x00000000080015b4       0x4c /tmp/arduino-sketch-72FEAEA6592A340F5B1A9A2CDA45BBBD/libraries/SrcWrapper/stm32/timer.c.o
                0x00000000080015b4                getTimerUpIrq
 .text.getTimerCCIrq
                0x0000000008001600       0x4c /tmp/arduino-sketch-72FEAEA6592A340F5B1A9A2CDA45BBBD/libraries/SrcWrapper/stm32/timer.c.o
                0x0000000008001600                getTimerCCIrq
 .text.HAL_TIM_Base_MspInit
                0x000000000800164c       0x50 /tmp/arduino-sketch-72FEAEA6592A340F5B1A9A2CDA45BBBD/libraries/SrcWrapper/stm32/timer.c.o
                0x000000000800164c                HAL_TIM_Base_MspInit
 .text.serial_rx_active
                0x000000000800169c       0x24 /tmp/arduino-sketch-72FEAEA6592A340F5B1A9A2CDA45BBBD/libraries/SrcWrapper/stm32/uart.c.o
                0x000000000800169c                serial_rx_active
 .text.serial_tx_active
                0x00000000080016c0       0x24 /tmp/arduino-sketch-72FEAEA6592A340F5B1A9A2CDA45BBBD/libraries/SrcWrapper/stm32/uart.c.o
                0x00000000080016c0                serial_tx_active
 .text.uart_attach_tx_callback
                0x00000000080016e4       0x48 /tmp/arduino-sketch-72FEAEA6592A340F5B1A9A2CDA45BBBD/libraries/SrcWrapper/stm32/uart.c.o
                0x00000000080016e4                uart_attach_tx_callback
 .text.uart_enable_tx
                0x000000000800172c       0x20 /tmp/arduino-sketch-72FEAEA6592A340F5B1A9A2CDA45BBBD/libraries/SrcWrapper/stm32/uart.c.o
                0x000000000800172c                uart_enable_tx
 .text.uart_enable_rx
                0x000000000800174c       0x20 /tmp/arduino-sketch-72FEAEA6592A340F5B1A9A2CDA45BBBD/libraries/SrcWrapper/stm32/uart.c.o
                0x000000000800174c                uart_enable_rx
 .text.HAL_UART_RxCpltCallback
                0x000000000800176c        0x6 /tmp/arduino-sketch-72FEAEA6592A340F5B1A9A2CDA45BBBD/libraries/SrcWrapper/stm32/uart.c.o
                0x000000000800176c                HAL_UART_RxCpltCallback
 .text.HAL_UART_TxCpltCallback
                0x0000000008001772       0x26 /tmp/arduino-sketch-72FEAEA6592A340F5B1A9A2CDA45BBBD/libraries/SrcWrapper/stm32/uart.c.o
                0x0000000008001772                HAL_UART_TxCpltCallback
 .text.HAL_UART_ErrorCallback
                0x0000000008001798       0x7a /tmp/arduino-sketch-72FEAEA6592A340F5B1A9A2CDA45BBBD/libraries/SrcWrapper/stm32/uart.c.o
                0x0000000008001798                HAL_UART_ErrorCallback
 *fill*         0x0000000008001812        0x2 
 .text.USART1_IRQHandler
                0x0000000008001814       0x18 /tmp/arduino-sketch-72FEAEA6592A340F5B1A9A2CDA45BBBD/libraries/SrcWrapper/stm32/uart.c.o
                0x0000000008001814                USART1_IRQHandler
 .text.USART2_IRQHandler
                0x000000000800182c       0x18 /tmp/arduino-sketch-72FEAEA6592A340F5B1A9A2CDA45BBBD/libraries/SrcWrapper/stm32/uart.c.o
                0x000000000800182c                USART2_IRQHandler
 .text.USART3_IRQHandler
                0x0000000008001844       0x1c /tmp/arduino-sketch-72FEAEA6592A340F5B1A9A2CDA45BBBD/libraries/SrcWrapper/stm32/uart.c.o
                0x0000000008001844                USART3_IRQHandler
 .text.pwm_stop
                0x0000000008001860       0x5c /tmp/arduino-sketch-72FEAEA6592A340F5B1A9A2CDA45BBBD/libraries/SrcWrapper/stm32/analog.cpp.o
                0x0000000008001860                pwm_stop
 .text._ZNSt14_Function_baseD2Ev
                0x00000000080018bc       0x12 /tmp/arduino-sketch-72FEAEA6592A340F5B1A9A2CDA45BBBD/libraries/SrcWrapper/stm32/interrupt.cpp.o
                0x00000000080018bc                std::_Function_base::~_Function_base()
                0x00000000080018bc                std::_Function_base::~_Function_base()
 *fill*         0x00000000080018ce        0x2 
 .text.HAL_GPIO_EXTI_Callback
                0x00000000080018d0       0x2c /tmp/arduino-sketch-72FEAEA6592A340F5B1A9A2CDA45BBBD/libraries/SrcWrapper/stm32/interrupt.cpp.o
                0x00000000080018d0                HAL_GPIO_EXTI_Callback
 .text.EXTI0_IRQHandler
                0x00000000080018fc        0x6 /tmp/arduino-sketch-72FEAEA6592A340F5B1A9A2CDA45BBBD/libraries/SrcWrapper/stm32/interrupt.cpp.o
                0x00000000080018fc                EXTI0_IRQHandler
 .text.EXTI1_IRQHandler
                0x0000000008001902        0x6 /tmp/arduino-sketch-72FEAEA6592A340F5B1A9A2CDA45BBBD/libraries/SrcWrapper/stm32/interrupt.cpp.o
                0x0000000008001902                EXTI1_IRQHandler
 .text.EXTI2_IRQHandler
                0x0000000008001908        0x6 /tmp/arduino-sketch-72FEAEA6592A340F5B1A9A2CDA45BBBD/libraries/SrcWrapper/stm32/interrupt.cpp.o
                0x0000000008001908                EXTI2_IRQHandler
 .text.EXTI3_IRQHandler
                0x000000000800190e        0x6 /tmp/arduino-sketch-72FEAEA6592A340F5B1A9A2CDA45BBBD/libraries/SrcWrapper/stm32/interrupt.cpp.o
                0x000000000800190e                EXTI3_IRQHandler
 .text.EXTI4_IRQHandler
                0x0000000008001914        0x6 /tmp/arduino-sketch-72FEAEA6592A340F5B1A9A2CDA45BBBD/libraries/SrcWrapper/stm32/interrupt.cpp.o
                0x0000000008001914                EXTI4_IRQHandler
 .text.EXTI9_5_IRQHandler
                0x000000000800191a       0x16 /tmp/arduino-sketch-72FEAEA6592A340F5B1A9A2CDA45BBBD/libraries/SrcWrapper/stm32/interrupt.cpp.o
                0x000000000800191a                EXTI9_5_IRQHandler
 .text.EXTI15_10_IRQHandler
                0x0000000008001930       0x18 /tmp/arduino-sketch-72FEAEA6592A340F5B1A9A2CDA45BBBD/libraries/SrcWrapper/stm32/interrupt.cpp.o
                0x0000000008001930                EXTI15_10_IRQHandler
 .text.startup._GLOBAL__sub_I__Z22stm32_interrupt_enableP12GPIO_TypeDeftSt8functionIFvvEEm
                0x0000000008001948       0x88 /tmp/arduino-sketch-72FEAEA6592A340F5B1A9A2CDA45BBBD/libraries/SrcWrapper/stm32/interrupt.cpp.o
 .text.exit._GLOBAL__sub_D__Z22stm32_interrupt_enableP12GPIO_TypeDeftSt8functionIFvvEEm
                0x00000000080019d0       0x1c /tmp/arduino-sketch-72FEAEA6592A340F5B1A9A2CDA45BBBD/libraries/SrcWrapper/stm32/interrupt.cpp.o
 .text.SystemClock_Config
                0x00000000080019ec       0x60 /tmp/arduino-sketch-72FEAEA6592A340F5B1A9A2CDA45BBBD/core/variant.cpp.o
                0x00000000080019ec                SystemClock_Config
 .text.Reset_Handler
                0x0000000008001a4c       0x48 /tmp/arduino-sketch-72FEAEA6592A340F5B1A9A2CDA45BBBD/core/core.a(startup_stm32yyxx.S.o)
                0x0000000008001a4c                Reset_Handler
 .text.Default_Handler
                0x0000000008001a94        0x2 /tmp/arduino-sketch-72FEAEA6592A340F5B1A9A2CDA45BBBD/core/core.a(startup_stm32yyxx.S.o)
                0x0000000008001a94                DebugMon_Handler
                0x0000000008001a94                HardFault_Handler
                0x0000000008001a94                PVD_IRQHandler
                0x0000000008001a94                PendSV_Handler
                0x0000000008001a94                NMI_Handler
                0x0000000008001a94                I2C2_EV_IRQHandler
                0x0000000008001a94                UsageFault_Handler
                0x0000000008001a94                ADC1_2_IRQHandler
                0x0000000008001a94                SPI1_IRQHandler
                0x0000000008001a94                TAMPER_IRQHandler
                0x0000000008001a94                DMA1_Channel4_IRQHandler
                0x0000000008001a94                RTC_IRQHandler
                0x0000000008001a94                DMA1_Channel7_IRQHandler
                0x0000000008001a94                CAN1_RX1_IRQHandler
                0x0000000008001a94                I2C1_EV_IRQHandler
                0x0000000008001a94                DMA1_Channel6_IRQHandler
                0x0000000008001a94                RCC_IRQHandler
                0x0000000008001a94                TIM1_TRG_COM_IRQHandler
                0x0000000008001a94                DMA1_Channel1_IRQHandler
                0x0000000008001a94                Default_Handler
                0x0000000008001a94                SPI2_IRQHandler
                0x0000000008001a94                MemManage_Handler
                0x0000000008001a94                SVC_Handler
                0x0000000008001a94                DMA1_Channel5_IRQHandler
                0x0000000008001a94                USB_LP_CAN1_RX0_IRQHandler
                0x0000000008001a94                USB_HP_CAN1_TX_IRQHandler
                0x0000000008001a94                DMA1_Channel3_IRQHandler
                0x0000000008001a94                WWDG_IRQHandler
                0x0000000008001a94                TIM1_BRK_IRQHandler
                0x0000000008001a94                I2C2_ER_IRQHandler
                0x0000000008001a94                DMA1_Channel2_IRQHandler
                0x0000000008001a94                CAN1_SCE_IRQHandler
                0x0000000008001a94                FLASH_IRQHandler
                0x0000000008001a94                BusFault_Handler
                0x0000000008001a94                I2C1_ER_IRQHandler
                0x0000000008001a94                USBWakeUp_IRQHandler
 *fill*         0x0000000008001a96        0x2 
 .text.pinMode  0x0000000008001a98       0x9c /tmp/arduino-sketch-72FEAEA6592A340F5B1A9A2CDA45BBBD/core/core.a(wiring_digital.c.o)
                0x0000000008001a98                pinMode
 .text.digitalWrite
                0x0000000008001b34       0x48 /tmp/arduino-sketch-72FEAEA6592A340F5B1A9A2CDA45BBBD/core/core.a(wiring_digital.c.o)
                0x0000000008001b34                digitalWrite
 .text.millis   0x0000000008001b7c        0x4 /tmp/arduino-sketch-72FEAEA6592A340F5B1A9A2CDA45BBBD/core/core.a(wiring_time.c.o)
                0x0000000008001b7c                millis
 .text.delay    0x0000000008001b80       0x1c /tmp/arduino-sketch-72FEAEA6592A340F5B1A9A2CDA45BBBD/core/core.a(wiring_time.c.o)
                0x0000000008001b80                delay
 .text._ZNSt8functionIFvvEEaSEDn.isra.0
                0x0000000008001b9c       0x18 /tmp/arduino-sketch-72FEAEA6592A340F5B1A9A2CDA45BBBD/core/core.a(HardwareTimer.cpp.o)
 .text._Z15get_timer_indexP11TIM_TypeDef
                0x0000000008001bb4       0x38 /tmp/arduino-sketch-72FEAEA6592A340F5B1A9A2CDA45BBBD/core/core.a(HardwareTimer.cpp.o)
                0x0000000008001bb4                get_timer_index(TIM_TypeDef*)
 .text._ZN13HardwareTimerD2Ev
                0x0000000008001bec       0x40 /tmp/arduino-sketch-72FEAEA6592A340F5B1A9A2CDA45BBBD/core/core.a(HardwareTimer.cpp.o)
                0x0000000008001bec                HardwareTimer::~HardwareTimer()
                0x0000000008001bec                HardwareTimer::~HardwareTimer()
 .text._ZN13HardwareTimerC2EP11TIM_TypeDef
                0x0000000008001c2c       0xac /tmp/arduino-sketch-72FEAEA6592A340F5B1A9A2CDA45BBBD/core/core.a(HardwareTimer.cpp.o)
                0x0000000008001c2c                HardwareTimer::HardwareTimer(TIM_TypeDef*)
                0x0000000008001c2c                HardwareTimer::HardwareTimer(TIM_TypeDef*)
 .text.TIM1_UP_IRQHandler
                0x0000000008001cd8       0x14 /tmp/arduino-sketch-72FEAEA6592A340F5B1A9A2CDA45BBBD/core/core.a(HardwareTimer.cpp.o)
                0x0000000008001cd8                TIM1_UP_IRQHandler
 .text.TIM1_CC_IRQHandler
                0x0000000008001cec        0x4 /tmp/arduino-sketch-72FEAEA6592A340F5B1A9A2CDA45BBBD/core/core.a(HardwareTimer.cpp.o)
                0x0000000008001cec                TIM1_CC_IRQHandler
 .text.TIM2_IRQHandler
                0x0000000008001cf0       0x14 /tmp/arduino-sketch-72FEAEA6592A340F5B1A9A2CDA45BBBD/core/core.a(HardwareTimer.cpp.o)
                0x0000000008001cf0                TIM2_IRQHandler
 .text.TIM3_IRQHandler
                0x0000000008001d04       0x14 /tmp/arduino-sketch-72FEAEA6592A340F5B1A9A2CDA45BBBD/core/core.a(HardwareTimer.cpp.o)
                0x0000000008001d04                TIM3_IRQHandler
 .text.TIM4_IRQHandler
                0x0000000008001d18       0x14 /tmp/arduino-sketch-72FEAEA6592A340F5B1A9A2CDA45BBBD/core/core.a(HardwareTimer.cpp.o)
                0x0000000008001d18                TIM4_IRQHandler
 .text._ZNKSt8functionIFvvEEclEv
                0x0000000008001d2c       0x12 /tmp/arduino-sketch-72FEAEA6592A340F5B1A9A2CDA45BBBD/core/core.a(HardwareTimer.cpp.o)
                0x0000000008001d2c                std::function<void ()>::operator()() const
 *fill*         0x0000000008001d3e        0x2 
 .text._ZN13HardwareTimer14updateCallbackEP17TIM_HandleTypeDef
                0x0000000008001d40       0x28 /tmp/arduino-sketch-72FEAEA6592A340F5B1A9A2CDA45BBBD/core/core.a(HardwareTimer.cpp.o)
                0x0000000008001d40                HardwareTimer::updateCallback(TIM_HandleTypeDef*)
 .text.HAL_TIM_PeriodElapsedCallback
                0x0000000008001d68        0x4 /tmp/arduino-sketch-72FEAEA6592A340F5B1A9A2CDA45BBBD/core/core.a(HardwareTimer.cpp.o)
                0x0000000008001d68                HAL_TIM_PeriodElapsedCallback
 .text._ZN13HardwareTimer22captureCompareCallbackEP17TIM_HandleTypeDef
                0x0000000008001d6c       0x50 /tmp/arduino-sketch-72FEAEA6592A340F5B1A9A2CDA45BBBD/core/core.a(HardwareTimer.cpp.o)
                0x0000000008001d6c                HardwareTimer::captureCompareCallback(TIM_HandleTypeDef*)
 .text.HAL_TIM_OC_DelayElapsedCallback
                0x0000000008001dbc        0x4 /tmp/arduino-sketch-72FEAEA6592A340F5B1A9A2CDA45BBBD/core/core.a(HardwareTimer.cpp.o)
                0x0000000008001dbc                HAL_TIM_OC_DelayElapsedCallback
 .text.HAL_TIM_IC_CaptureCallback
                0x0000000008001dc0        0x4 /tmp/arduino-sketch-72FEAEA6592A340F5B1A9A2CDA45BBBD/core/core.a(HardwareTimer.cpp.o)
                0x0000000008001dc0                HAL_TIM_IC_CaptureCallback
 .text.startup._Z7premainv
                0x0000000008001dc4       0x10 /tmp/arduino-sketch-72FEAEA6592A340F5B1A9A2CDA45BBBD/core/core.a(main.cpp.o)
                0x0000000008001dc4                premain()
 .text.startup.main
                0x0000000008001dd4       0x14 /tmp/arduino-sketch-72FEAEA6592A340F5B1A9A2CDA45BBBD/core/core.a(main.cpp.o)
                0x0000000008001dd4                main
 .text._Znwj    0x0000000008001de8        0x4 /tmp/arduino-sketch-72FEAEA6592A340F5B1A9A2CDA45BBBD/core/core.a(new.cpp.o)
                0x0000000008001de8                operator new(unsigned int)
 .text._ZdlPvj  0x0000000008001dec        0x4 /tmp/arduino-sketch-72FEAEA6592A340F5B1A9A2CDA45BBBD/core/core.a(new.cpp.o)
                0x0000000008001dec                operator delete(void*, unsigned int)
 .text.init     0x0000000008001df0        0x4 /tmp/arduino-sketch-72FEAEA6592A340F5B1A9A2CDA45BBBD/core/core.a(board.c.o)
                0x0000000008001df0                init
 .text.__empty  0x0000000008001df4        0x2 /tmp/arduino-sketch-72FEAEA6592A340F5B1A9A2CDA45BBBD/core/core.a(hooks.c.o)
                0x0000000008001df4                yield
 *fill*         0x0000000008001df6        0x2 
 .text._Z14serialEventRunv
                0x0000000008001df8       0x1c /tmp/arduino-sketch-72FEAEA6592A340F5B1A9A2CDA45BBBD/core/core.a(WSerial.cpp.o)
                0x0000000008001df8                serialEventRun()
 .text._ZN14HardwareSerial16_tx_complete_irqEP8serial_s
                0x0000000008001e14       0x24 /tmp/arduino-sketch-72FEAEA6592A340F5B1A9A2CDA45BBBD/core/core.a(HardwareSerial.cpp.o)
                0x0000000008001e14                HardwareSerial::_tx_complete_irq(serial_s*)
 .text._ZN14HardwareSerial9availableEv
                0x0000000008001e38       0x10 /tmp/arduino-sketch-72FEAEA6592A340F5B1A9A2CDA45BBBD/core/core.a(HardwareSerial.cpp.o)
                0x0000000008001e38                HardwareSerial::available()
 .text._ZN14HardwareSerial4peekEv
                0x0000000008001e48       0x1a /tmp/arduino-sketch-72FEAEA6592A340F5B1A9A2CDA45BBBD/core/core.a(HardwareSerial.cpp.o)
                0x0000000008001e48                HardwareSerial::peek()
 *fill*         0x0000000008001e62        0x2 
 .text._ZN14HardwareSerial5writeEh
                0x0000000008001e64       0x60 /tmp/arduino-sketch-72FEAEA6592A340F5B1A9A2CDA45BBBD/core/core.a(HardwareSerial.cpp.o)
                0x0000000008001e64                HardwareSerial::write(unsigned char)
 .text._ZN14HardwareSerial5flushEv
                0x0000000008001ec4       0x14 /tmp/arduino-sketch-72FEAEA6592A340F5B1A9A2CDA45BBBD/core/core.a(HardwareSerial.cpp.o)
                0x0000000008001ec4                HardwareSerial::flush()
 .text._ZN14HardwareSerial4initE7PinNameS0_
                0x0000000008001ed8       0x2c /tmp/arduino-sketch-72FEAEA6592A340F5B1A9A2CDA45BBBD/core/core.a(HardwareSerial.cpp.o)
                0x0000000008001ed8                HardwareSerial::init(PinName, PinName)
 .text._ZN14HardwareSerialC2EPv16HalfDuplexMode_t
                0x0000000008001f04       0x7c /tmp/arduino-sketch-72FEAEA6592A340F5B1A9A2CDA45BBBD/core/core.a(HardwareSerial.cpp.o)
                0x0000000008001f04                HardwareSerial::HardwareSerial(void*, HalfDuplexMode_t)
                0x0000000008001f04                HardwareSerial::HardwareSerial(void*, HalfDuplexMode_t)
 .text._ZN14HardwareSerial18enableHalfDuplexRxEv
                0x0000000008001f80       0x2c /tmp/arduino-sketch-72FEAEA6592A340F5B1A9A2CDA45BBBD/core/core.a(HardwareSerial.cpp.o)
                0x0000000008001f80                HardwareSerial::enableHalfDuplexRx()
 .text._ZN14HardwareSerial4readEv
                0x0000000008001fac       0x2e /tmp/arduino-sketch-72FEAEA6592A340F5B1A9A2CDA45BBBD/core/core.a(HardwareSerial.cpp.o)
                0x0000000008001fac                HardwareSerial::read()
 *fill*         0x0000000008001fda        0x2 
 .text.startup._GLOBAL__sub_I_Serial1
                0x0000000008001fdc       0x14 /tmp/arduino-sketch-72FEAEA6592A340F5B1A9A2CDA45BBBD/core/core.a(HardwareSerial.cpp.o)
 .text._ZN5Print5writeEPKhj
                0x0000000008001ff0       0x22 /tmp/arduino-sketch-72FEAEA6592A340F5B1A9A2CDA45BBBD/core/core.a(Print.cpp.o)
                0x0000000008001ff0                Print::write(unsigned char const*, unsigned int)
 .text._ZN6Stream9timedReadEv
                0x0000000008002012       0x2a /tmp/arduino-sketch-72FEAEA6592A340F5B1A9A2CDA45BBBD/core/core.a(Stream.cpp.o)
                0x0000000008002012                Stream::timedRead()
 .text._ZN6Stream9readBytesEPcj
                0x000000000800203c       0x22 /tmp/arduino-sketch-72FEAEA6592A340F5B1A9A2CDA45BBBD/core/core.a(Stream.cpp.o)
                0x000000000800203c                Stream::readBytes(char*, unsigned int)
 .text._ZN6Stream14readBytesUntilEcPcj
                0x000000000800205e       0x30 /tmp/arduino-sketch-72FEAEA6592A340F5B1A9A2CDA45BBBD/core/core.a(Stream.cpp.o)
                0x000000000800205e                Stream::readBytesUntil(char, char*, unsigned int)
 *fill*         0x000000000800208e        0x2 
 .text.__libc_init_array
                0x0000000008002090       0x48 /home/shamimi/.arduino15/packages/STM32/tools/xpack-arm-none-eabi-gcc/9.2.1-1.1/bin/../lib/gcc/arm-none-eabi/9.2.1/../../../../arm-none-eabi/lib/thumb/v7-m/nofp/libc_nano.a(lib_a-init.o)
                0x0000000008002090                __libc_init_array
 .text.malloc   0x00000000080020d8       0x10 /home/shamimi/.arduino15/packages/STM32/tools/xpack-arm-none-eabi-gcc/9.2.1-1.1/bin/../lib/gcc/arm-none-eabi/9.2.1/../../../../arm-none-eabi/lib/thumb/v7-m/nofp/libc_nano.a(lib_a-malloc.o)
                0x00000000080020d8                malloc
 .text.free     0x00000000080020e8       0x10 /home/shamimi/.arduino15/packages/STM32/tools/xpack-arm-none-eabi-gcc/9.2.1-1.1/bin/../lib/gcc/arm-none-eabi/9.2.1/../../../../arm-none-eabi/lib/thumb/v7-m/nofp/libc_nano.a(lib_a-malloc.o)
                0x00000000080020e8                free
 .text._free_r  0x00000000080020f8       0x98 /home/shamimi/.arduino15/packages/STM32/tools/xpack-arm-none-eabi-gcc/9.2.1-1.1/bin/../lib/gcc/arm-none-eabi/9.2.1/../../../../arm-none-eabi/lib/thumb/v7-m/nofp/libc_nano.a(lib_a-nano-freer.o)
                0x00000000080020f8                _free_r
 .text._malloc_r
                0x0000000008002190       0xb4 /home/shamimi/.arduino15/packages/STM32/tools/xpack-arm-none-eabi-gcc/9.2.1-1.1/bin/../lib/gcc/arm-none-eabi/9.2.1/../../../../arm-none-eabi/lib/thumb/v7-m/nofp/libc_nano.a(lib_a-nano-mallocr.o)
                0x0000000008002190                _malloc_r
 .text._sbrk_r  0x0000000008002244       0x20 /home/shamimi/.arduino15/packages/STM32/tools/xpack-arm-none-eabi-gcc/9.2.1-1.1/bin/../lib/gcc/arm-none-eabi/9.2.1/../../../../arm-none-eabi/lib/thumb/v7-m/nofp/libc_nano.a(lib_a-sbrkr.o)
                0x0000000008002244                _sbrk_r
 .text.__retarget_lock_acquire_recursive
                0x0000000008002264        0x2 /home/shamimi/.arduino15/packages/STM32/tools/xpack-arm-none-eabi-gcc/9.2.1-1.1/bin/../lib/gcc/arm-none-eabi/9.2.1/../../../../arm-none-eabi/lib/thumb/v7-m/nofp/libc_nano.a(lib_a-lock.o)
                0x0000000008002264                __retarget_lock_acquire_recursive
 .text.__retarget_lock_release_recursive
                0x0000000008002266        0x2 /home/shamimi/.arduino15/packages/STM32/tools/xpack-arm-none-eabi-gcc/9.2.1-1.1/bin/../lib/gcc/arm-none-eabi/9.2.1/../../../../arm-none-eabi/lib/thumb/v7-m/nofp/libc_nano.a(lib_a-lock.o)
                0x0000000008002266                __retarget_lock_release_recursive
 .text.__malloc_lock
                0x0000000008002268        0xc /home/shamimi/.arduino15/packages/STM32/tools/xpack-arm-none-eabi-gcc/9.2.1-1.1/bin/../lib/gcc/arm-none-eabi/9.2.1/../../../../arm-none-eabi/lib/thumb/v7-m/nofp/libc_nano.a(lib_a-mlock.o)
                0x0000000008002268                __malloc_lock
 .text.__malloc_unlock
                0x0000000008002274        0xc /home/shamimi/.arduino15/packages/STM32/tools/xpack-arm-none-eabi-gcc/9.2.1-1.1/bin/../lib/gcc/arm-none-eabi/9.2.1/../../../../arm-none-eabi/lib/thumb/v7-m/nofp/libc_nano.a(lib_a-mlock.o)
                0x0000000008002274                __malloc_unlock
 .text.unlikely._ZSt25__throw_bad_function_callv
                0x0000000008002280        0x6 /home/shamimi/.arduino15/packages/STM32/tools/xpack-arm-none-eabi-gcc/9.2.1-1.1/bin/../lib/gcc/arm-none-eabi/9.2.1/../../../../arm-none-eabi/lib/thumb/v7-m/nofp/libstdc++_nano.a(functional.o)
                0x0000000008002280                std::__throw_bad_function_call()
 .text.abort    0x0000000008002286        0xe /home/shamimi/.arduino15/packages/STM32/tools/xpack-arm-none-eabi-gcc/9.2.1-1.1/bin/../lib/gcc/arm-none-eabi/9.2.1/../../../../arm-none-eabi/lib/thumb/v7-m/nofp/libc_nano.a(lib_a-abort.o)
                0x0000000008002286                abort
 .text._raise_r
                0x0000000008002294       0x50 /home/shamimi/.arduino15/packages/STM32/tools/xpack-arm-none-eabi-gcc/9.2.1-1.1/bin/../lib/gcc/arm-none-eabi/9.2.1/../../../../arm-none-eabi/lib/thumb/v7-m/nofp/libc_nano.a(lib_a-signal.o)
                0x0000000008002294                _raise_r
 .text.raise    0x00000000080022e4       0x10 /home/shamimi/.arduino15/packages/STM32/tools/xpack-arm-none-eabi-gcc/9.2.1-1.1/bin/../lib/gcc/arm-none-eabi/9.2.1/../../../../arm-none-eabi/lib/thumb/v7-m/nofp/libc_nano.a(lib_a-signal.o)
                0x00000000080022e4                raise
 .text._kill_r  0x00000000080022f4       0x24 /home/shamimi/.arduino15/packages/STM32/tools/xpack-arm-none-eabi-gcc/9.2.1-1.1/bin/../lib/gcc/arm-none-eabi/9.2.1/../../../../arm-none-eabi/lib/thumb/v7-m/nofp/libc_nano.a(lib_a-signalr.o)
                0x00000000080022f4                _kill_r
 .text._getpid_r
                0x0000000008002318        0x4 /home/shamimi/.arduino15/packages/STM32/tools/xpack-arm-none-eabi-gcc/9.2.1-1.1/bin/../lib/gcc/arm-none-eabi/9.2.1/../../../../arm-none-eabi/lib/thumb/v7-m/nofp/libc_nano.a(lib_a-signalr.o)
                0x0000000008002318                _getpid_r
 *(.glue_7)
 .glue_7        0x000000000800231c        0x0 linker stubs
 *(.glue_7t)
 .glue_7t       0x000000000800231c        0x0 linker stubs
 *(.eh_frame)
 .eh_frame      0x000000000800231c        0x0 /home/shamimi/.arduino15/packages/STM32/tools/xpack-arm-none-eabi-gcc/9.2.1-1.1/bin/../lib/gcc/arm-none-eabi/9.2.1/thumb/v7-m/nofp/crtbegin.o
 *(.init)
 .init          0x000000000800231c        0x4 /home/shamimi/.arduino15/packages/STM32/tools/xpack-arm-none-eabi-gcc/9.2.1-1.1/bin/../lib/gcc/arm-none-eabi/9.2.1/thumb/v7-m/nofp/crti.o
                0x000000000800231c                _init
 .init          0x0000000008002320        0x8 /home/shamimi/.arduino15/packages/STM32/tools/xpack-arm-none-eabi-gcc/9.2.1-1.1/bin/../lib/gcc/arm-none-eabi/9.2.1/thumb/v7-m/nofp/crtn.o
 *(.fini)
 .fini          0x0000000008002328        0x4 /home/shamimi/.arduino15/packages/STM32/tools/xpack-arm-none-eabi-gcc/9.2.1-1.1/bin/../lib/gcc/arm-none-eabi/9.2.1/thumb/v7-m/nofp/crti.o
                0x0000000008002328                _fini
 .fini          0x000000000800232c        0x8 /home/shamimi/.arduino15/packages/STM32/tools/xpack-arm-none-eabi-gcc/9.2.1-1.1/bin/../lib/gcc/arm-none-eabi/9.2.1/thumb/v7-m/nofp/crtn.o
                0x0000000008002334                . = ALIGN (0x4)
                0x0000000008002334                _etext = .

.vfp11_veneer   0x0000000008002334        0x0
 .vfp11_veneer  0x0000000008002334        0x0 linker stubs

.v4_bx          0x0000000008002334        0x0
 .v4_bx         0x0000000008002334        0x0 linker stubs

.iplt           0x0000000008002334        0x0
 .iplt          0x0000000008002334        0x0 /home/shamimi/.arduino15/packages/STM32/tools/xpack-arm-none-eabi-gcc/9.2.1-1.1/bin/../lib/gcc/arm-none-eabi/9.2.1/thumb/v7-m/nofp/crtbegin.o

.rodata         0x0000000008002334      0x418
                0x0000000008002334                . = ALIGN (0x4)
 *(.rodata)
 *(.rodata*)
 .rodata.HAL_RCC_GetSysClockFreq.str1.1
                0x0000000008002334       0x11 /tmp/arduino-sketch-72FEAEA6592A340F5B1A9A2CDA45BBBD/libraries/SrcWrapper/HAL/stm32yyxx_hal_rcc.c.o
 .rodata.pin_function.str1.1
                0x0000000008002345       0x65 /tmp/arduino-sketch-72FEAEA6592A340F5B1A9A2CDA45BBBD/libraries/SrcWrapper/stm32/pinmap.c.o
 *fill*         0x00000000080023aa        0x2 
 .rodata.pin_map_ll
                0x00000000080023ac       0x40 /tmp/arduino-sketch-72FEAEA6592A340F5B1A9A2CDA45BBBD/libraries/SrcWrapper/stm32/pinmap.c.o
                0x00000000080023ac                pin_map_ll
 .rodata.AHBPrescTable
                0x00000000080023ec       0x10 /tmp/arduino-sketch-72FEAEA6592A340F5B1A9A2CDA45BBBD/libraries/SrcWrapper/stm32/system_stm32yyxx.c.o
                0x00000000080023ec                AHBPrescTable
 .rodata.getTimerUpIrq.str1.1
                0x00000000080023fc       0x18 /tmp/arduino-sketch-72FEAEA6592A340F5B1A9A2CDA45BBBD/libraries/SrcWrapper/stm32/timer.c.o
 .rodata.PinMap_PWM
                0x0000000008002414      0x138 /tmp/arduino-sketch-72FEAEA6592A340F5B1A9A2CDA45BBBD/core/PeripheralPins.c.o
                0x0000000008002414                PinMap_PWM
 .rodata.PinMap_UART_RX
                0x000000000800254c       0x3c /tmp/arduino-sketch-72FEAEA6592A340F5B1A9A2CDA45BBBD/core/PeripheralPins.c.o
                0x000000000800254c                PinMap_UART_RX
 .rodata.PinMap_UART_TX
                0x0000000008002588       0x3c /tmp/arduino-sketch-72FEAEA6592A340F5B1A9A2CDA45BBBD/core/PeripheralPins.c.o
                0x0000000008002588                PinMap_UART_TX
 .rodata.digitalPin
                0x00000000080025c4       0x46 /tmp/arduino-sketch-72FEAEA6592A340F5B1A9A2CDA45BBBD/core/variant.cpp.o
                0x00000000080025c4                digitalPin
 .rodata.pinMode.str1.1
                0x000000000800260a       0x5c /tmp/arduino-sketch-72FEAEA6592A340F5B1A9A2CDA45BBBD/core/core.a(wiring_digital.c.o)
 .rodata._ZN13HardwareTimer12pauseChannelEm.str1.1
                0x0000000008002666       0x5d /tmp/arduino-sketch-72FEAEA6592A340F5B1A9A2CDA45BBBD/core/core.a(HardwareTimer.cpp.o)
 *fill*         0x00000000080026c3        0x1 
 .rodata._ZTV14HardwareSerial
                0x00000000080026c4       0x28 /tmp/arduino-sketch-72FEAEA6592A340F5B1A9A2CDA45BBBD/core/core.a(HardwareSerial.cpp.o)
                0x00000000080026c4                vtable for HardwareSerial
 .rodata.__sf_fake_stderr
                0x00000000080026ec       0x20 /home/shamimi/.arduino15/packages/STM32/tools/xpack-arm-none-eabi-gcc/9.2.1-1.1/bin/../lib/gcc/arm-none-eabi/9.2.1/../../../../arm-none-eabi/lib/thumb/v7-m/nofp/libc_nano.a(lib_a-findfp.o)
                0x00000000080026ec                __sf_fake_stderr
 .rodata.__sf_fake_stdin
                0x000000000800270c       0x20 /home/shamimi/.arduino15/packages/STM32/tools/xpack-arm-none-eabi-gcc/9.2.1-1.1/bin/../lib/gcc/arm-none-eabi/9.2.1/../../../../arm-none-eabi/lib/thumb/v7-m/nofp/libc_nano.a(lib_a-findfp.o)
                0x000000000800270c                __sf_fake_stdin
 .rodata.__sf_fake_stdout
                0x000000000800272c       0x20 /home/shamimi/.arduino15/packages/STM32/tools/xpack-arm-none-eabi-gcc/9.2.1-1.1/bin/../lib/gcc/arm-none-eabi/9.2.1/../../../../arm-none-eabi/lib/thumb/v7-m/nofp/libc_nano.a(lib_a-findfp.o)
                0x000000000800272c                __sf_fake_stdout
                0x000000000800274c                . = ALIGN (0x4)

.rel.dyn        0x000000000800274c        0x0
 .rel.iplt      0x000000000800274c        0x0 /home/shamimi/.arduino15/packages/STM32/tools/xpack-arm-none-eabi-gcc/9.2.1-1.1/bin/../lib/gcc/arm-none-eabi/9.2.1/thumb/v7-m/nofp/crtbegin.o

.ARM.extab
 *(.ARM.extab* .gnu.linkonce.armextab.*)

.ARM            0x000000000800274c        0x0
                0x000000000800274c                __exidx_start = .
 *(.ARM.exidx*)
                0x000000000800274c                __exidx_end = .

.preinit_array  0x000000000800274c        0x0
                0x000000000800274c                PROVIDE (__preinit_array_start = .)
 *(.preinit_array*)
                0x000000000800274c                PROVIDE (__preinit_array_end = .)

.init_array     0x000000000800274c       0x10
                0x000000000800274c                PROVIDE (__init_array_start = .)
 *(SORT_BY_NAME(.init_array.*))
 .init_array.00101
                0x000000000800274c        0x4 /tmp/arduino-sketch-72FEAEA6592A340F5B1A9A2CDA45BBBD/core/core.a(main.cpp.o)
 *(.init_array*)
 .init_array    0x0000000008002750        0x4 /home/shamimi/.arduino15/packages/STM32/tools/xpack-arm-none-eabi-gcc/9.2.1-1.1/bin/../lib/gcc/arm-none-eabi/9.2.1/thumb/v7-m/nofp/crtbegin.o
 .init_array    0x0000000008002754        0x4 /tmp/arduino-sketch-72FEAEA6592A340F5B1A9A2CDA45BBBD/libraries/SrcWrapper/stm32/interrupt.cpp.o
 .init_array    0x0000000008002758        0x4 /tmp/arduino-sketch-72FEAEA6592A340F5B1A9A2CDA45BBBD/core/core.a(HardwareSerial.cpp.o)
                0x000000000800275c                PROVIDE (__init_array_end = .)

.fini_array     0x000000000800275c        0x8
                [!provide]                        PROVIDE (__fini_array_start = .)
 *(SORT_BY_NAME(.fini_array.*))
 *(.fini_array*)
 .fini_array    0x000000000800275c        0x4 /home/shamimi/.arduino15/packages/STM32/tools/xpack-arm-none-eabi-gcc/9.2.1-1.1/bin/../lib/gcc/arm-none-eabi/9.2.1/thumb/v7-m/nofp/crtbegin.o
 .fini_array    0x0000000008002760        0x4 /tmp/arduino-sketch-72FEAEA6592A340F5B1A9A2CDA45BBBD/libraries/SrcWrapper/stm32/interrupt.cpp.o
                [!provide]                        PROVIDE (__fini_array_end = .)
                0x0000000008002764                _sidata = LOADADDR (.data)

.data           0x0000000020000000       0x88 load address 0x0000000008002764
                0x0000000020000000                . = ALIGN (0x4)
                0x0000000020000000                _sdata = .
 *(.data)
 *(.data*)
 .data.heap_end.7096
                0x0000000020000000        0x4 /tmp/arduino-sketch-72FEAEA6592A340F5B1A9A2CDA45BBBD/libraries/SrcWrapper/syscalls.c.o
 .data.uwTickFreq
                0x0000000020000004        0x1 /tmp/arduino-sketch-72FEAEA6592A340F5B1A9A2CDA45BBBD/libraries/SrcWrapper/HAL/stm32yyxx_hal.c.o
                0x0000000020000004                uwTickFreq
 *fill*         0x0000000020000005        0x3 
 .data.uwTickPrio
                0x0000000020000008        0x4 /tmp/arduino-sketch-72FEAEA6592A340F5B1A9A2CDA45BBBD/libraries/SrcWrapper/HAL/stm32yyxx_hal.c.o
                0x0000000020000008                uwTickPrio
 .data.GPIOPort
                0x000000002000000c       0x14 /tmp/arduino-sketch-72FEAEA6592A340F5B1A9A2CDA45BBBD/libraries/SrcWrapper/stm32/PortNames.c.o
                0x000000002000000c                GPIOPort
 .data.SystemCoreClock
                0x0000000020000020        0x4 /tmp/arduino-sketch-72FEAEA6592A340F5B1A9A2CDA45BBBD/libraries/SrcWrapper/stm32/system_stm32yyxx.c.o
                0x0000000020000020                SystemCoreClock
 .data._impure_ptr
                0x0000000020000024        0x4 /home/shamimi/.arduino15/packages/STM32/tools/xpack-arm-none-eabi-gcc/9.2.1-1.1/bin/../lib/gcc/arm-none-eabi/9.2.1/../../../../arm-none-eabi/lib/thumb/v7-m/nofp/libc_nano.a(lib_a-impure.o)
                0x0000000020000024                _impure_ptr
 .data.impure_data
                0x0000000020000028       0x60 /home/shamimi/.arduino15/packages/STM32/tools/xpack-arm-none-eabi-gcc/9.2.1-1.1/bin/../lib/gcc/arm-none-eabi/9.2.1/../../../../arm-none-eabi/lib/thumb/v7-m/nofp/libc_nano.a(lib_a-impure.o)
                0x0000000020000088                . = ALIGN (0x4)
                0x0000000020000088                _edata = .

.igot.plt       0x0000000020000088        0x0 load address 0x00000000080027ec
 .igot.plt      0x0000000020000088        0x0 /home/shamimi/.arduino15/packages/STM32/tools/xpack-arm-none-eabi-gcc/9.2.1-1.1/bin/../lib/gcc/arm-none-eabi/9.2.1/thumb/v7-m/nofp/crtbegin.o
                0x0000000020000088                . = ALIGN (0x4)

.bss            0x0000000020000088      0x2c4 load address 0x00000000080027ec
                0x0000000020000088                _sbss = .
                0x0000000020000088                __bss_start__ = _sbss
 *(.bss)
 *(.bss*)
 .bss.completed.8911
                0x0000000020000088        0x1 /home/shamimi/.arduino15/packages/STM32/tools/xpack-arm-none-eabi-gcc/9.2.1-1.1/bin/../lib/gcc/arm-none-eabi/9.2.1/thumb/v7-m/nofp/crtbegin.o
 *fill*         0x0000000020000089        0x3 
 .bss.object.8916
                0x000000002000008c       0x18 /home/shamimi/.arduino15/packages/STM32/tools/xpack-arm-none-eabi-gcc/9.2.1-1.1/bin/../lib/gcc/arm-none-eabi/9.2.1/thumb/v7-m/nofp/crtbegin.o
 .bss.RTCUserCallback
                0x00000000200000a4        0x4 /tmp/arduino-sketch-72FEAEA6592A340F5B1A9A2CDA45BBBD/libraries/SrcWrapper/stm32/rtc.c.o
 .bss.RtcHandle
                0x00000000200000a8       0x14 /tmp/arduino-sketch-72FEAEA6592A340F5B1A9A2CDA45BBBD/libraries/SrcWrapper/stm32/rtc.c.o
 .bss.callbackUserData
                0x00000000200000bc        0x4 /tmp/arduino-sketch-72FEAEA6592A340F5B1A9A2CDA45BBBD/libraries/SrcWrapper/stm32/rtc.c.o
 .bss.uart_handlers
                0x00000000200000c0        0xc /tmp/arduino-sketch-72FEAEA6592A340F5B1A9A2CDA45BBBD/libraries/SrcWrapper/stm32/uart.c.o
 .bss._ZL13gpio_irq_conf
                0x00000000200000cc      0x140 /tmp/arduino-sketch-72FEAEA6592A340F5B1A9A2CDA45BBBD/libraries/SrcWrapper/stm32/interrupt.cpp.o
 .bss.HardwareTimer_Handle
                0x000000002000020c       0x10 /tmp/arduino-sketch-72FEAEA6592A340F5B1A9A2CDA45BBBD/core/core.a(HardwareTimer.cpp.o)
                0x000000002000020c                HardwareTimer_Handle
 .bss.g_anOutputPinConfigured
                0x000000002000021c       0x14 /tmp/arduino-sketch-72FEAEA6592A340F5B1A9A2CDA45BBBD/core/core.a(wiring_analog.c.o)
                0x000000002000021c                g_anOutputPinConfigured
 .bss.Serial1   0x0000000020000230      0x100 /tmp/arduino-sketch-72FEAEA6592A340F5B1A9A2CDA45BBBD/core/core.a(HardwareSerial.cpp.o)
                0x0000000020000230                Serial1
 .bss.__malloc_free_list
                0x0000000020000330        0x4 /home/shamimi/.arduino15/packages/STM32/tools/xpack-arm-none-eabi-gcc/9.2.1-1.1/bin/../lib/gcc/arm-none-eabi/9.2.1/../../../../arm-none-eabi/lib/thumb/v7-m/nofp/libc_nano.a(lib_a-nano-mallocr.o)
                0x0000000020000330                __malloc_free_list
 .bss.__malloc_sbrk_start
                0x0000000020000334        0x4 /home/shamimi/.arduino15/packages/STM32/tools/xpack-arm-none-eabi-gcc/9.2.1-1.1/bin/../lib/gcc/arm-none-eabi/9.2.1/../../../../arm-none-eabi/lib/thumb/v7-m/nofp/libc_nano.a(lib_a-nano-mallocr.o)
                0x0000000020000334                __malloc_sbrk_start
 *(COMMON)
 COMMON         0x0000000020000338        0x4 /tmp/arduino-sketch-72FEAEA6592A340F5B1A9A2CDA45BBBD/libraries/SrcWrapper/HAL/stm32yyxx_hal.c.o
                0x0000000020000338                uwTick
 COMMON         0x000000002000033c        0x4 /home/shamimi/.arduino15/packages/STM32/tools/xpack-arm-none-eabi-gcc/9.2.1-1.1/bin/../lib/gcc/arm-none-eabi/9.2.1/../../../../arm-none-eabi/lib/thumb/v7-m/nofp/libc_nano.a(lib_a-reent.o)
                0x000000002000033c                errno
 COMMON         0x0000000020000340        0x9 /home/shamimi/.arduino15/packages/STM32/tools/xpack-arm-none-eabi-gcc/9.2.1-1.1/bin/../lib/gcc/arm-none-eabi/9.2.1/../../../../arm-none-eabi/lib/thumb/v7-m/nofp/libc_nano.a(lib_a-lock.o)
                0x0000000020000340                __lock___atexit_recursive_mutex
                0x0000000020000341                __lock___arc4random_mutex
                0x0000000020000342                __lock___env_recursive_mutex
                0x0000000020000343                __lock___sinit_recursive_mutex
                0x0000000020000344                __lock___malloc_recursive_mutex
                0x0000000020000345                __lock___at_quick_exit_mutex
                0x0000000020000346                __lock___dd_hash_mutex
                0x0000000020000347                __lock___tz_mutex
                0x0000000020000348                __lock___sfp_recursive_mutex
                0x000000002000034c                . = ALIGN (0x4)
 *fill*         0x0000000020000349        0x3 
                0x000000002000034c                _ebss = .
                0x000000002000034c                __bss_end__ = _ebss
LOAD /home/shamimi/.arduino15/packages/STM32/tools/xpack-arm-none-eabi-gcc/9.2.1-1.1/bin/../lib/gcc/arm-none-eabi/9.2.1/thumb/v7-m/nofp/crti.o
LOAD /home/shamimi/.arduino15/packages/STM32/tools/xpack-arm-none-eabi-gcc/9.2.1-1.1/bin/../lib/gcc/arm-none-eabi/9.2.1/thumb/v7-m/nofp/crtbegin.o
LOAD /home/shamimi/.arduino15/packages/STM32/tools/xpack-arm-none-eabi-gcc/9.2.1-1.1/bin/../lib/gcc/arm-none-eabi/9.2.1/../../../../arm-none-eabi/lib/thumb/v7-m/nofp/crt0.o
                0x0000000000000000                LD_FLASH_OFFSET = 0x0
                0x0000000000020000                LD_MAX_SIZE = 0x20000
                0x0000000000005000                LD_MAX_DATA_SIZE = 0x5000

.noinit         0x000000002000034c        0x0
                0x000000002000034c                . = ALIGN (0x4)
                0x000000002000034c                _snoinit = .
 *(.noinit)
 *(.noinit*)
                0x000000002000034c                . = ALIGN (0x4)
                0x000000002000034c                _enoinit = .

._user_heap_stack
                0x000000002000034c      0x604
                0x0000000020000350                . = ALIGN (0x8)
 *fill*         0x000000002000034c        0x4 
                [!provide]                        PROVIDE (end = .)
                0x0000000020000350                PROVIDE (_end = .)
                0x0000000020000550                . = (. + _Min_Heap_Size)
 *fill*         0x0000000020000350      0x200 
                0x0000000020000950                . = (. + _Min_Stack_Size)
 *fill*         0x0000000020000550      0x400 
                0x0000000020000950                . = ALIGN (0x8)

/DISCARD/
 libc.a(*)
 libm.a(*)
 libgcc.a(*)

.ARM.attributes
                0x0000000000000000       0x29
 *(.ARM.attributes)
 .ARM.attributes
                0x0000000000000000       0x1d /home/shamimi/.arduino15/packages/STM32/tools/xpack-arm-none-eabi-gcc/9.2.1-1.1/bin/../lib/gcc/arm-none-eabi/9.2.1/thumb/v7-m/nofp/crti.o
 .ARM.attributes
                0x000000000000001d       0x2d /home/shamimi/.arduino15/packages/STM32/tools/xpack-arm-none-eabi-gcc/9.2.1-1.1/bin/../lib/gcc/arm-none-eabi/9.2.1/thumb/v7-m/nofp/crtbegin.o
 .ARM.attributes
                0x000000000000004a       0x2d /tmp/arduino-sketch-72FEAEA6592A340F5B1A9A2CDA45BBBD/sketch/MyStmSketch.ino.cpp.o
 .ARM.attributes
                0x0000000000000077       0x2d /tmp/arduino-sketch-72FEAEA6592A340F5B1A9A2CDA45BBBD/libraries/SrcWrapper/syscalls.c.o
 .ARM.attributes
                0x00000000000000a4       0x2d /tmp/arduino-sketch-72FEAEA6592A340F5B1A9A2CDA45BBBD/libraries/SrcWrapper/HAL/stm32yyxx_hal.c.o
 .ARM.attributes
                0x00000000000000d1       0x2d /tmp/arduino-sketch-72FEAEA6592A340F5B1A9A2CDA45BBBD/libraries/SrcWrapper/HAL/stm32yyxx_hal_cortex.c.o
 .ARM.attributes
                0x00000000000000fe       0x2d /tmp/arduino-sketch-72FEAEA6592A340F5B1A9A2CDA45BBBD/libraries/SrcWrapper/HAL/stm32yyxx_hal_dma.c.o
 .ARM.attributes
                0x000000000000012b       0x2d /tmp/arduino-sketch-72FEAEA6592A340F5B1A9A2CDA45BBBD/libraries/SrcWrapper/HAL/stm32yyxx_hal_gpio.c.o
 .ARM.attributes
                0x0000000000000158       0x2d /tmp/arduino-sketch-72FEAEA6592A340F5B1A9A2CDA45BBBD/libraries/SrcWrapper/HAL/stm32yyxx_hal_rcc.c.o
 .ARM.attributes
                0x0000000000000185       0x2d /tmp/arduino-sketch-72FEAEA6592A340F5B1A9A2CDA45BBBD/libraries/SrcWrapper/HAL/stm32yyxx_hal_rcc_ex.c.o
 .ARM.attributes
                0x00000000000001b2       0x2d /tmp/arduino-sketch-72FEAEA6592A340F5B1A9A2CDA45BBBD/libraries/SrcWrapper/HAL/stm32yyxx_hal_rtc.c.o
 .ARM.attributes
                0x00000000000001df       0x2d /tmp/arduino-sketch-72FEAEA6592A340F5B1A9A2CDA45BBBD/libraries/SrcWrapper/HAL/stm32yyxx_hal_tim.c.o
 .ARM.attributes
                0x000000000000020c       0x2d /tmp/arduino-sketch-72FEAEA6592A340F5B1A9A2CDA45BBBD/libraries/SrcWrapper/HAL/stm32yyxx_hal_tim_ex.c.o
 .ARM.attributes
                0x0000000000000239       0x2d /tmp/arduino-sketch-72FEAEA6592A340F5B1A9A2CDA45BBBD/libraries/SrcWrapper/HAL/stm32yyxx_hal_uart.c.o
 .ARM.attributes
                0x0000000000000266       0x2d /tmp/arduino-sketch-72FEAEA6592A340F5B1A9A2CDA45BBBD/libraries/SrcWrapper/stm32/PortNames.c.o
 .ARM.attributes
                0x0000000000000293       0x2d /tmp/arduino-sketch-72FEAEA6592A340F5B1A9A2CDA45BBBD/libraries/SrcWrapper/stm32/clock.c.o
 .ARM.attributes
                0x00000000000002c0       0x2d /tmp/arduino-sketch-72FEAEA6592A340F5B1A9A2CDA45BBBD/libraries/SrcWrapper/stm32/dwt.c.o
 .ARM.attributes
                0x00000000000002ed       0x2d /tmp/arduino-sketch-72FEAEA6592A340F5B1A9A2CDA45BBBD/libraries/SrcWrapper/stm32/hw_config.c.o
 .ARM.attributes
                0x000000000000031a       0x2d /tmp/arduino-sketch-72FEAEA6592A340F5B1A9A2CDA45BBBD/libraries/SrcWrapper/stm32/pinmap.c.o
 .ARM.attributes
                0x0000000000000347       0x2d /tmp/arduino-sketch-72FEAEA6592A340F5B1A9A2CDA45BBBD/libraries/SrcWrapper/stm32/rtc.c.o
 .ARM.attributes
                0x0000000000000374       0x2d /tmp/arduino-sketch-72FEAEA6592A340F5B1A9A2CDA45BBBD/libraries/SrcWrapper/stm32/stm32_def.c.o
 .ARM.attributes
                0x00000000000003a1       0x2d /tmp/arduino-sketch-72FEAEA6592A340F5B1A9A2CDA45BBBD/libraries/SrcWrapper/stm32/system_stm32yyxx.c.o
 .ARM.attributes
                0x00000000000003ce       0x2d /tmp/arduino-sketch-72FEAEA6592A340F5B1A9A2CDA45BBBD/libraries/SrcWrapper/stm32/timer.c.o
 .ARM.attributes
                0x00000000000003fb       0x2d /tmp/arduino-sketch-72FEAEA6592A340F5B1A9A2CDA45BBBD/libraries/SrcWrapper/stm32/uart.c.o
 .ARM.attributes
                0x0000000000000428       0x2d /tmp/arduino-sketch-72FEAEA6592A340F5B1A9A2CDA45BBBD/libraries/SrcWrapper/stm32/analog.cpp.o
 .ARM.attributes
                0x0000000000000455       0x2d /tmp/arduino-sketch-72FEAEA6592A340F5B1A9A2CDA45BBBD/libraries/SrcWrapper/stm32/interrupt.cpp.o
 .ARM.attributes
                0x0000000000000482       0x33 /tmp/arduino-sketch-72FEAEA6592A340F5B1A9A2CDA45BBBD/core/PeripheralPins.c.o
 .ARM.attributes
                0x00000000000004b5       0x2d /tmp/arduino-sketch-72FEAEA6592A340F5B1A9A2CDA45BBBD/core/variant.cpp.o
 .ARM.attributes
                0x00000000000004e2       0x21 /tmp/arduino-sketch-72FEAEA6592A340F5B1A9A2CDA45BBBD/core/core.a(startup_stm32yyxx.S.o)
 .ARM.attributes
                0x0000000000000503       0x2d /tmp/arduino-sketch-72FEAEA6592A340F5B1A9A2CDA45BBBD/core/core.a(wiring_digital.c.o)
 .ARM.attributes
                0x0000000000000530       0x2d /tmp/arduino-sketch-72FEAEA6592A340F5B1A9A2CDA45BBBD/core/core.a(wiring_time.c.o)
 .ARM.attributes
                0x000000000000055d       0x2d /tmp/arduino-sketch-72FEAEA6592A340F5B1A9A2CDA45BBBD/core/core.a(HardwareTimer.cpp.o)
 .ARM.attributes
                0x000000000000058a       0x2d /tmp/arduino-sketch-72FEAEA6592A340F5B1A9A2CDA45BBBD/core/core.a(main.cpp.o)
 .ARM.attributes
                0x00000000000005b7       0x2d /tmp/arduino-sketch-72FEAEA6592A340F5B1A9A2CDA45BBBD/core/core.a(new.cpp.o)
 .ARM.attributes
                0x00000000000005e4       0x2d /tmp/arduino-sketch-72FEAEA6592A340F5B1A9A2CDA45BBBD/core/core.a(board.c.o)
 .ARM.attributes
                0x0000000000000611       0x2d /tmp/arduino-sketch-72FEAEA6592A340F5B1A9A2CDA45BBBD/core/core.a(hooks.c.o)
 .ARM.attributes
                0x000000000000063e       0x2d /tmp/arduino-sketch-72FEAEA6592A340F5B1A9A2CDA45BBBD/core/core.a(wiring_analog.c.o)
 .ARM.attributes
                0x000000000000066b       0x2d /tmp/arduino-sketch-72FEAEA6592A340F5B1A9A2CDA45BBBD/core/core.a(WSerial.cpp.o)
 .ARM.attributes
                0x0000000000000698       0x2d /tmp/arduino-sketch-72FEAEA6592A340F5B1A9A2CDA45BBBD/core/core.a(HardwareSerial.cpp.o)
 .ARM.attributes
                0x00000000000006c5       0x2d /tmp/arduino-sketch-72FEAEA6592A340F5B1A9A2CDA45BBBD/core/core.a(Print.cpp.o)
 .ARM.attributes
                0x00000000000006f2       0x2d /tmp/arduino-sketch-72FEAEA6592A340F5B1A9A2CDA45BBBD/core/core.a(Stream.cpp.o)
 .ARM.attributes
                0x000000000000071f       0x2d /home/shamimi/.arduino15/packages/STM32/tools/xpack-arm-none-eabi-gcc/9.2.1-1.1/bin/../lib/gcc/arm-none-eabi/9.2.1/../../../../arm-none-eabi/lib/thumb/v7-m/nofp/libc_nano.a(lib_a-impure.o)
 .ARM.attributes
                0x000000000000074c       0x2d /home/shamimi/.arduino15/packages/STM32/tools/xpack-arm-none-eabi-gcc/9.2.1-1.1/bin/../lib/gcc/arm-none-eabi/9.2.1/../../../../arm-none-eabi/lib/thumb/v7-m/nofp/libc_nano.a(lib_a-init.o)
 .ARM.attributes
                0x0000000000000779       0x2d /home/shamimi/.arduino15/packages/STM32/tools/xpack-arm-none-eabi-gcc/9.2.1-1.1/bin/../lib/gcc/arm-none-eabi/9.2.1/../../../../arm-none-eabi/lib/thumb/v7-m/nofp/libc_nano.a(lib_a-malloc.o)
 .ARM.attributes
                0x00000000000007a6       0x2d /home/shamimi/.arduino15/packages/STM32/tools/xpack-arm-none-eabi-gcc/9.2.1-1.1/bin/../lib/gcc/arm-none-eabi/9.2.1/../../../../arm-none-eabi/lib/thumb/v7-m/nofp/libc_nano.a(lib_a-nano-freer.o)
 .ARM.attributes
                0x00000000000007d3       0x2d /home/shamimi/.arduino15/packages/STM32/tools/xpack-arm-none-eabi-gcc/9.2.1-1.1/bin/../lib/gcc/arm-none-eabi/9.2.1/../../../../arm-none-eabi/lib/thumb/v7-m/nofp/libc_nano.a(lib_a-nano-mallocr.o)
 .ARM.attributes
                0x0000000000000800       0x2d /home/shamimi/.arduino15/packages/STM32/tools/xpack-arm-none-eabi-gcc/9.2.1-1.1/bin/../lib/gcc/arm-none-eabi/9.2.1/../../../../arm-none-eabi/lib/thumb/v7-m/nofp/libc_nano.a(lib_a-reent.o)
 .ARM.attributes
                0x000000000000082d       0x2d /home/shamimi/.arduino15/packages/STM32/tools/xpack-arm-none-eabi-gcc/9.2.1-1.1/bin/../lib/gcc/arm-none-eabi/9.2.1/../../../../arm-none-eabi/lib/thumb/v7-m/nofp/libc_nano.a(lib_a-sbrkr.o)
 .ARM.attributes
                0x000000000000085a       0x2d /home/shamimi/.arduino15/packages/STM32/tools/xpack-arm-none-eabi-gcc/9.2.1-1.1/bin/../lib/gcc/arm-none-eabi/9.2.1/../../../../arm-none-eabi/lib/thumb/v7-m/nofp/libc_nano.a(lib_a-findfp.o)
 .ARM.attributes
                0x0000000000000887       0x2d /home/shamimi/.arduino15/packages/STM32/tools/xpack-arm-none-eabi-gcc/9.2.1-1.1/bin/../lib/gcc/arm-none-eabi/9.2.1/../../../../arm-none-eabi/lib/thumb/v7-m/nofp/libc_nano.a(lib_a-lock.o)
 .ARM.attributes
                0x00000000000008b4       0x2d /home/shamimi/.arduino15/packages/STM32/tools/xpack-arm-none-eabi-gcc/9.2.1-1.1/bin/../lib/gcc/arm-none-eabi/9.2.1/../../../../arm-none-eabi/lib/thumb/v7-m/nofp/libc_nano.a(lib_a-mlock.o)
 .ARM.attributes
                0x00000000000008e1       0x2d /home/shamimi/.arduino15/packages/STM32/tools/xpack-arm-none-eabi-gcc/9.2.1-1.1/bin/../lib/gcc/arm-none-eabi/9.2.1/../../../../arm-none-eabi/lib/thumb/v7-m/nofp/libstdc++_nano.a(functional.o)
 .ARM.attributes
                0x000000000000090e       0x2d /home/shamimi/.arduino15/packages/STM32/tools/xpack-arm-none-eabi-gcc/9.2.1-1.1/bin/../lib/gcc/arm-none-eabi/9.2.1/../../../../arm-none-eabi/lib/thumb/v7-m/nofp/libc_nano.a(lib_a-abort.o)
 .ARM.attributes
                0x000000000000093b       0x2d /home/shamimi/.arduino15/packages/STM32/tools/xpack-arm-none-eabi-gcc/9.2.1-1.1/bin/../lib/gcc/arm-none-eabi/9.2.1/../../../../arm-none-eabi/lib/thumb/v7-m/nofp/libc_nano.a(lib_a-signal.o)
 .ARM.attributes
                0x0000000000000968       0x2d /home/shamimi/.arduino15/packages/STM32/tools/xpack-arm-none-eabi-gcc/9.2.1-1.1/bin/../lib/gcc/arm-none-eabi/9.2.1/../../../../arm-none-eabi/lib/thumb/v7-m/nofp/libc_nano.a(lib_a-signalr.o)
 .ARM.attributes
                0x0000000000000995       0x1d /home/shamimi/.arduino15/packages/STM32/tools/xpack-arm-none-eabi-gcc/9.2.1-1.1/bin/../lib/gcc/arm-none-eabi/9.2.1/thumb/v7-m/nofp/crtn.o
OUTPUT(/tmp/arduino-sketch-72FEAEA6592A340F5B1A9A2CDA45BBBD/MyStmSketch.ino.elf elf32-littlearm)

.comment        0x0000000000000000       0x66
 .comment       0x0000000000000000       0x66 /tmp/arduino-sketch-72FEAEA6592A340F5B1A9A2CDA45BBBD/sketch/MyStmSketch.ino.cpp.o
                                         0x67 (size before relaxing)
 .comment       0x0000000000000066       0x67 /tmp/arduino-sketch-72FEAEA6592A340F5B1A9A2CDA45BBBD/libraries/SrcWrapper/syscalls.c.o
 .comment       0x0000000000000066       0x67 /tmp/arduino-sketch-72FEAEA6592A340F5B1A9A2CDA45BBBD/libraries/SrcWrapper/HAL/stm32yyxx_hal.c.o
 .comment       0x0000000000000066       0x67 /tmp/arduino-sketch-72FEAEA6592A340F5B1A9A2CDA45BBBD/libraries/SrcWrapper/HAL/stm32yyxx_hal_cortex.c.o
 .comment       0x0000000000000066       0x67 /tmp/arduino-sketch-72FEAEA6592A340F5B1A9A2CDA45BBBD/libraries/SrcWrapper/HAL/stm32yyxx_hal_dma.c.o
 .comment       0x0000000000000066       0x67 /tmp/arduino-sketch-72FEAEA6592A340F5B1A9A2CDA45BBBD/libraries/SrcWrapper/HAL/stm32yyxx_hal_gpio.c.o
 .comment       0x0000000000000066       0x67 /tmp/arduino-sketch-72FEAEA6592A340F5B1A9A2CDA45BBBD/libraries/SrcWrapper/HAL/stm32yyxx_hal_rcc.c.o
 .comment       0x0000000000000066       0x67 /tmp/arduino-sketch-72FEAEA6592A340F5B1A9A2CDA45BBBD/libraries/SrcWrapper/HAL/stm32yyxx_hal_rcc_ex.c.o
 .comment       0x0000000000000066       0x67 /tmp/arduino-sketch-72FEAEA6592A340F5B1A9A2CDA45BBBD/libraries/SrcWrapper/HAL/stm32yyxx_hal_rtc.c.o
 .comment       0x0000000000000066       0x67 /tmp/arduino-sketch-72FEAEA6592A340F5B1A9A2CDA45BBBD/libraries/SrcWrapper/HAL/stm32yyxx_hal_tim.c.o
 .comment       0x0000000000000066       0x67 /tmp/arduino-sketch-72FEAEA6592A340F5B1A9A2CDA45BBBD/libraries/SrcWrapper/HAL/stm32yyxx_hal_tim_ex.c.o
 .comment       0x0000000000000066       0x67 /tmp/arduino-sketch-72FEAEA6592A340F5B1A9A2CDA45BBBD/libraries/SrcWrapper/HAL/stm32yyxx_hal_uart.c.o
 .comment       0x0000000000000066       0x67 /tmp/arduino-sketch-72FEAEA6592A340F5B1A9A2CDA45BBBD/libraries/SrcWrapper/stm32/PortNames.c.o
 .comment       0x0000000000000066       0x67 /tmp/arduino-sketch-72FEAEA6592A340F5B1A9A2CDA45BBBD/libraries/SrcWrapper/stm32/clock.c.o
 .comment       0x0000000000000066       0x67 /tmp/arduino-sketch-72FEAEA6592A340F5B1A9A2CDA45BBBD/libraries/SrcWrapper/stm32/dwt.c.o
 .comment       0x0000000000000066       0x67 /tmp/arduino-sketch-72FEAEA6592A340F5B1A9A2CDA45BBBD/libraries/SrcWrapper/stm32/hw_config.c.o
 .comment       0x0000000000000066       0x67 /tmp/arduino-sketch-72FEAEA6592A340F5B1A9A2CDA45BBBD/libraries/SrcWrapper/stm32/pinmap.c.o
 .comment       0x0000000000000066       0x67 /tmp/arduino-sketch-72FEAEA6592A340F5B1A9A2CDA45BBBD/libraries/SrcWrapper/stm32/rtc.c.o
 .comment       0x0000000000000066       0x67 /tmp/arduino-sketch-72FEAEA6592A340F5B1A9A2CDA45BBBD/libraries/SrcWrapper/stm32/stm32_def.c.o
 .comment       0x0000000000000066       0x67 /tmp/arduino-sketch-72FEAEA6592A340F5B1A9A2CDA45BBBD/libraries/SrcWrapper/stm32/system_stm32yyxx.c.o
 .comment       0x0000000000000066       0x67 /tmp/arduino-sketch-72FEAEA6592A340F5B1A9A2CDA45BBBD/libraries/SrcWrapper/stm32/timer.c.o
 .comment       0x0000000000000066       0x67 /tmp/arduino-sketch-72FEAEA6592A340F5B1A9A2CDA45BBBD/libraries/SrcWrapper/stm32/uart.c.o
 .comment       0x0000000000000066       0x67 /tmp/arduino-sketch-72FEAEA6592A340F5B1A9A2CDA45BBBD/libraries/SrcWrapper/stm32/analog.cpp.o
 .comment       0x0000000000000066       0x67 /tmp/arduino-sketch-72FEAEA6592A340F5B1A9A2CDA45BBBD/libraries/SrcWrapper/stm32/interrupt.cpp.o
 .comment       0x0000000000000066       0x67 /tmp/arduino-sketch-72FEAEA6592A340F5B1A9A2CDA45BBBD/core/PeripheralPins.c.o
 .comment       0x0000000000000066       0x67 /tmp/arduino-sketch-72FEAEA6592A340F5B1A9A2CDA45BBBD/core/variant.cpp.o
 .comment       0x0000000000000066       0x67 /tmp/arduino-sketch-72FEAEA6592A340F5B1A9A2CDA45BBBD/core/core.a(wiring_digital.c.o)
 .comment       0x0000000000000066       0x67 /tmp/arduino-sketch-72FEAEA6592A340F5B1A9A2CDA45BBBD/core/core.a(wiring_time.c.o)
 .comment       0x0000000000000066       0x67 /tmp/arduino-sketch-72FEAEA6592A340F5B1A9A2CDA45BBBD/core/core.a(HardwareTimer.cpp.o)
 .comment       0x0000000000000066       0x67 /tmp/arduino-sketch-72FEAEA6592A340F5B1A9A2CDA45BBBD/core/core.a(main.cpp.o)
 .comment       0x0000000000000066       0x67 /tmp/arduino-sketch-72FEAEA6592A340F5B1A9A2CDA45BBBD/core/core.a(new.cpp.o)
 .comment       0x0000000000000066       0x67 /tmp/arduino-sketch-72FEAEA6592A340F5B1A9A2CDA45BBBD/core/core.a(board.c.o)
 .comment       0x0000000000000066       0x67 /tmp/arduino-sketch-72FEAEA6592A340F5B1A9A2CDA45BBBD/core/core.a(hooks.c.o)
 .comment       0x0000000000000066       0x67 /tmp/arduino-sketch-72FEAEA6592A340F5B1A9A2CDA45BBBD/core/core.a(wiring_analog.c.o)
 .comment       0x0000000000000066       0x67 /tmp/arduino-sketch-72FEAEA6592A340F5B1A9A2CDA45BBBD/core/core.a(WSerial.cpp.o)
 .comment       0x0000000000000066       0x67 /tmp/arduino-sketch-72FEAEA6592A340F5B1A9A2CDA45BBBD/core/core.a(HardwareSerial.cpp.o)
 .comment       0x0000000000000066       0x67 /tmp/arduino-sketch-72FEAEA6592A340F5B1A9A2CDA45BBBD/core/core.a(Print.cpp.o)
 .comment       0x0000000000000066       0x67 /tmp/arduino-sketch-72FEAEA6592A340F5B1A9A2CDA45BBBD/core/core.a(Stream.cpp.o)

.debug_frame    0x0000000000000000      0x4a8
 .debug_frame   0x0000000000000000       0x2c /home/shamimi/.arduino15/packages/STM32/tools/xpack-arm-none-eabi-gcc/9.2.1-1.1/bin/../lib/gcc/arm-none-eabi/9.2.1/../../../../arm-none-eabi/lib/thumb/v7-m/nofp/libc_nano.a(lib_a-init.o)
 .debug_frame   0x000000000000002c       0x30 /home/shamimi/.arduino15/packages/STM32/tools/xpack-arm-none-eabi-gcc/9.2.1-1.1/bin/../lib/gcc/arm-none-eabi/9.2.1/../../../../arm-none-eabi/lib/thumb/v7-m/nofp/libc_nano.a(lib_a-malloc.o)
 .debug_frame   0x000000000000005c       0x38 /home/shamimi/.arduino15/packages/STM32/tools/xpack-arm-none-eabi-gcc/9.2.1-1.1/bin/../lib/gcc/arm-none-eabi/9.2.1/../../../../arm-none-eabi/lib/thumb/v7-m/nofp/libc_nano.a(lib_a-nano-freer.o)
 .debug_frame   0x0000000000000094       0x30 /home/shamimi/.arduino15/packages/STM32/tools/xpack-arm-none-eabi-gcc/9.2.1-1.1/bin/../lib/gcc/arm-none-eabi/9.2.1/../../../../arm-none-eabi/lib/thumb/v7-m/nofp/libc_nano.a(lib_a-nano-mallocr.o)
 .debug_frame   0x00000000000000c4       0x5c /home/shamimi/.arduino15/packages/STM32/tools/xpack-arm-none-eabi-gcc/9.2.1-1.1/bin/../lib/gcc/arm-none-eabi/9.2.1/../../../../arm-none-eabi/lib/thumb/v7-m/nofp/libc_nano.a(lib_a-reent.o)
 .debug_frame   0x0000000000000120       0x2c /home/shamimi/.arduino15/packages/STM32/tools/xpack-arm-none-eabi-gcc/9.2.1-1.1/bin/../lib/gcc/arm-none-eabi/9.2.1/../../../../arm-none-eabi/lib/thumb/v7-m/nofp/libc_nano.a(lib_a-sbrkr.o)
 .debug_frame   0x000000000000014c      0x14c /home/shamimi/.arduino15/packages/STM32/tools/xpack-arm-none-eabi-gcc/9.2.1-1.1/bin/../lib/gcc/arm-none-eabi/9.2.1/../../../../arm-none-eabi/lib/thumb/v7-m/nofp/libc_nano.a(lib_a-findfp.o)
 .debug_frame   0x0000000000000298       0xb0 /home/shamimi/.arduino15/packages/STM32/tools/xpack-arm-none-eabi-gcc/9.2.1-1.1/bin/../lib/gcc/arm-none-eabi/9.2.1/../../../../arm-none-eabi/lib/thumb/v7-m/nofp/libc_nano.a(lib_a-lock.o)
 .debug_frame   0x0000000000000348       0x30 /home/shamimi/.arduino15/packages/STM32/tools/xpack-arm-none-eabi-gcc/9.2.1-1.1/bin/../lib/gcc/arm-none-eabi/9.2.1/../../../../arm-none-eabi/lib/thumb/v7-m/nofp/libc_nano.a(lib_a-mlock.o)
 .debug_frame   0x0000000000000378       0x28 /home/shamimi/.arduino15/packages/STM32/tools/xpack-arm-none-eabi-gcc/9.2.1-1.1/bin/../lib/gcc/arm-none-eabi/9.2.1/../../../../arm-none-eabi/lib/thumb/v7-m/nofp/libc_nano.a(lib_a-abort.o)
 .debug_frame   0x00000000000003a0       0xcc /home/shamimi/.arduino15/packages/STM32/tools/xpack-arm-none-eabi-gcc/9.2.1-1.1/bin/../lib/gcc/arm-none-eabi/9.2.1/../../../../arm-none-eabi/lib/thumb/v7-m/nofp/libc_nano.a(lib_a-signal.o)
 .debug_frame   0x000000000000046c       0x3c /home/shamimi/.arduino15/packages/STM32/tools/xpack-arm-none-eabi-gcc/9.2.1-1.1/bin/../lib/gcc/arm-none-eabi/9.2.1/../../../../arm-none-eabi/lib/thumb/v7-m/nofp/libc_nano.a(lib_a-signalr.o)

Cross Reference Table

Symbol                                            File
ADC1_2_IRQHandler                                 /tmp/arduino-sketch-72FEAEA6592A340F5B1A9A2CDA45BBBD/core/core.a(startup_stm32yyxx.S.o)
ADC_ConversionStop_Disable                        /tmp/arduino-sketch-72FEAEA6592A340F5B1A9A2CDA45BBBD/libraries/SrcWrapper/HAL/stm32yyxx_hal_adc.c.o
                                                  /tmp/arduino-sketch-72FEAEA6592A340F5B1A9A2CDA45BBBD/libraries/SrcWrapper/HAL/stm32yyxx_hal_adc_ex.c.o
ADC_DMAConvCplt                                   /tmp/arduino-sketch-72FEAEA6592A340F5B1A9A2CDA45BBBD/libraries/SrcWrapper/HAL/stm32yyxx_hal_adc.c.o
                                                  /tmp/arduino-sketch-72FEAEA6592A340F5B1A9A2CDA45BBBD/libraries/SrcWrapper/HAL/stm32yyxx_hal_adc_ex.c.o
ADC_DMAError                                      /tmp/arduino-sketch-72FEAEA6592A340F5B1A9A2CDA45BBBD/libraries/SrcWrapper/HAL/stm32yyxx_hal_adc.c.o
                                                  /tmp/arduino-sketch-72FEAEA6592A340F5B1A9A2CDA45BBBD/libraries/SrcWrapper/HAL/stm32yyxx_hal_adc_ex.c.o